Archive member included to satisfy reference by file (symbol)

c:/program files (x86)/atmel/studio/7.0/toolchain/arm/arm-gnu-toolchain/bin/../lib/gcc/arm-none-eabi/6.3.1/thumb/v6-m\libgcc.a(_udivsi3.o)
                              src/ASF/sam0/drivers/sercom/i2c/i2c_sam0/i2c_master.o (__aeabi_uidiv)
c:/program files (x86)/atmel/studio/7.0/toolchain/arm/arm-gnu-toolchain/bin/../lib/gcc/arm-none-eabi/6.3.1/thumb/v6-m\libgcc.a(_dvmd_tls.o)
                              c:/program files (x86)/atmel/studio/7.0/toolchain/arm/arm-gnu-toolchain/bin/../lib/gcc/arm-none-eabi/6.3.1/thumb/v6-m\libgcc.a(_udivsi3.o) (__aeabi_idiv0)
c:/program files (x86)/atmel/studio/7.0/toolchain/arm/arm-gnu-toolchain/bin/../lib/gcc/arm-none-eabi/6.3.1/thumb/v6-m\libgcc.a(_muldi3.o)
                              src/ASF/sam0/drivers/sercom/sercom.o (__aeabi_lmul)
c:/program files (x86)/atmel/studio/7.0/toolchain/arm/arm-gnu-toolchain/bin/../lib/gcc/arm-none-eabi/6.3.1/thumb/v6-m\libgcc.a(adddf3.o)
                              src/ASF/sam0/drivers/sercom/i2c/i2c_sam0/i2c_master.o (__aeabi_dadd)
c:/program files (x86)/atmel/studio/7.0/toolchain/arm/arm-gnu-toolchain/bin/../lib/gcc/arm-none-eabi/6.3.1/thumb/v6-m\libgcc.a(divdf3.o)
                              src/ASF/sam0/drivers/sercom/i2c/i2c_sam0/i2c_master.o (__aeabi_ddiv)
c:/program files (x86)/atmel/studio/7.0/toolchain/arm/arm-gnu-toolchain/bin/../lib/gcc/arm-none-eabi/6.3.1/thumb/v6-m\libgcc.a(muldf3.o)
                              src/ASF/sam0/drivers/sercom/i2c/i2c_sam0/i2c_master.o (__aeabi_dmul)
c:/program files (x86)/atmel/studio/7.0/toolchain/arm/arm-gnu-toolchain/bin/../lib/gcc/arm-none-eabi/6.3.1/thumb/v6-m\libgcc.a(subdf3.o)
                              src/ASF/sam0/drivers/sercom/i2c/i2c_sam0/i2c_master.o (__aeabi_dsub)
c:/program files (x86)/atmel/studio/7.0/toolchain/arm/arm-gnu-toolchain/bin/../lib/gcc/arm-none-eabi/6.3.1/thumb/v6-m\libgcc.a(fixdfsi.o)
                              src/ASF/sam0/drivers/sercom/i2c/i2c_sam0/i2c_master.o (__aeabi_d2iz)
c:/program files (x86)/atmel/studio/7.0/toolchain/arm/arm-gnu-toolchain/bin/../lib/gcc/arm-none-eabi/6.3.1/thumb/v6-m\libgcc.a(floatunsidf.o)
                              src/ASF/sam0/drivers/sercom/i2c/i2c_sam0/i2c_master.o (__aeabi_ui2d)
c:/program files (x86)/atmel/studio/7.0/toolchain/arm/arm-gnu-toolchain/bin/../lib/gcc/arm-none-eabi/6.3.1/thumb/v6-m\libgcc.a(_clzsi2.o)
                              c:/program files (x86)/atmel/studio/7.0/toolchain/arm/arm-gnu-toolchain/bin/../lib/gcc/arm-none-eabi/6.3.1/thumb/v6-m\libgcc.a(adddf3.o) (__clzsi2)
c:/program files (x86)/atmel/studio/7.0/toolchain/arm/arm-gnu-toolchain/bin/../lib/gcc/arm-none-eabi/6.3.1/../../../../arm-none-eabi/lib/thumb/v6-m\libc_nano.a(lib_a-exit.o)
                              c:/program files (x86)/atmel/studio/7.0/toolchain/arm/arm-gnu-toolchain/bin/../lib/gcc/arm-none-eabi/6.3.1/../../../../arm-none-eabi/lib/thumb/v6-m/crt0.o (exit)
c:/program files (x86)/atmel/studio/7.0/toolchain/arm/arm-gnu-toolchain/bin/../lib/gcc/arm-none-eabi/6.3.1/../../../../arm-none-eabi/lib/thumb/v6-m\libc_nano.a(lib_a-impure.o)
                              c:/program files (x86)/atmel/studio/7.0/toolchain/arm/arm-gnu-toolchain/bin/../lib/gcc/arm-none-eabi/6.3.1/../../../../arm-none-eabi/lib/thumb/v6-m\libc_nano.a(lib_a-exit.o) (_global_impure_ptr)
c:/program files (x86)/atmel/studio/7.0/toolchain/arm/arm-gnu-toolchain/bin/../lib/gcc/arm-none-eabi/6.3.1/../../../../arm-none-eabi/lib/thumb/v6-m\libc_nano.a(lib_a-init.o)
                              c:/program files (x86)/atmel/studio/7.0/toolchain/arm/arm-gnu-toolchain/bin/../lib/gcc/arm-none-eabi/6.3.1/../../../../arm-none-eabi/lib/thumb/v6-m/crt0.o (__libc_init_array)
c:/program files (x86)/atmel/studio/7.0/toolchain/arm/arm-gnu-toolchain/bin/../lib/gcc/arm-none-eabi/6.3.1/../../../../arm-none-eabi/lib/thumb/v6-m\libc_nano.a(lib_a-memcpy-stub.o)
                              src/qs_i2c_slave_callback.o (memcpy)
c:/program files (x86)/atmel/studio/7.0/toolchain/arm/arm-gnu-toolchain/bin/../lib/gcc/arm-none-eabi/6.3.1/../../../../arm-none-eabi/lib/thumb/v6-m\libc_nano.a(lib_a-memset.o)
                              c:/program files (x86)/atmel/studio/7.0/toolchain/arm/arm-gnu-toolchain/bin/../lib/gcc/arm-none-eabi/6.3.1/../../../../arm-none-eabi/lib/thumb/v6-m/crt0.o (memset)
c:/program files (x86)/atmel/studio/7.0/toolchain/arm/arm-gnu-toolchain/bin/../lib/gcc/arm-none-eabi/6.3.1/../../../../arm-none-eabi/lib/thumb/v6-m\libc_nano.a(lib_a-snprintf.o)
                              src/qs_i2c_slave_callback.o (snprintf)
c:/program files (x86)/atmel/studio/7.0/toolchain/arm/arm-gnu-toolchain/bin/../lib/gcc/arm-none-eabi/6.3.1/../../../../arm-none-eabi/lib/thumb/v6-m\libc_nano.a(lib_a-nano-svfprintf.o)
[...]
Memory Configuration

Name             Origin             Length             Attributes
rom              0x00000000         0x00040000         xr
ram              0x20000000         0x00008000         xrw
*default*        0x00000000         0xffffffff

Linker script and memory map

LOAD c:/program files (x86)/atmel/studio/7.0/toolchain/arm/arm-gnu-toolchain/bin/../lib/gcc/arm-none-eabi/6.3.1/thumb/v6-m/crti.o
LOAD c:/program files (x86)/atmel/studio/7.0/toolchain/arm/arm-gnu-toolchain/bin/../lib/gcc/arm-none-eabi/6.3.1/thumb/v6-m/crtbegin.o
LOAD c:/program files (x86)/atmel/studio/7.0/toolchain/arm/arm-gnu-toolchain/bin/../lib/gcc/arm-none-eabi/6.3.1/../../../../arm-none-eabi/lib/thumb/v6-m/crt0.o
LOAD src/ASF/common/utils/interrupt/interrupt_sam_nvic.o
LOAD src/ASF/sam0/boards/samd21_xplained_pro/board_init.o
LOAD src/ASF/sam0/drivers/port/port.o
LOAD src/ASF/sam0/drivers/sercom/i2c/i2c_sam0/i2c_master.o
LOAD src/ASF/sam0/drivers/sercom/i2c/i2c_sam0/i2c_master_interrupt.o
LOAD src/ASF/sam0/drivers/sercom/i2c/i2c_sam0/i2c_slave.o
LOAD src/ASF/sam0/drivers/sercom/i2c/i2c_sam0/i2c_slave_interrupt.o
LOAD src/ASF/sam0/drivers/sercom/sercom.o
LOAD src/ASF/sam0/drivers/sercom/sercom_interrupt.o
LOAD src/ASF/sam0/drivers/sercom/usart/usart.o
LOAD src/ASF/sam0/drivers/sercom/usart/usart_interrupt.o
LOAD src/ASF/sam0/drivers/system/clock/clock_samd21_r21_da_ha1/clock.o
LOAD src/ASF/sam0/drivers/system/clock/clock_samd21_r21_da_ha1/gclk.o
LOAD src/ASF/sam0/drivers/system/interrupt/system_interrupt.o
LOAD src/ASF/sam0/drivers/system/pinmux/pinmux.o
LOAD src/ASF/sam0/drivers/system/system.o
LOAD src/ASF/sam0/utils/cmsis/samd21/source/gcc/startup_samd21.o
LOAD src/ASF/sam0/utils/cmsis/samd21/source/system_samd21.o
LOAD src/ASF/sam0/utils/syscalls/gcc/syscalls.o
LOAD src/qs_i2c_slave_callback.o
START GROUP
LOAD ../src/ASF/thirdparty/CMSIS/Lib/GCC\libarm_cortexM0l_math.a
LOAD c:/program files (x86)/atmel/studio/7.0/toolchain/arm/arm-gnu-toolchain/bin/../lib/gcc/arm-none-eabi/6.3.1/../../../../arm-none-eabi/lib/thumb/v6-m\libm.a
END GROUP
START GROUP
LOAD c:/program files (x86)/atmel/studio/7.0/toolchain/arm/arm-gnu-toolchain/bin/../lib/gcc/arm-none-eabi/6.3.1/thumb/v6-m\libgcc.a
LOAD c:/program files (x86)/atmel/studio/7.0/toolchain/arm/arm-gnu-toolchain/bin/../lib/gcc/arm-none-eabi/6.3.1/../../../../arm-none-eabi/lib/thumb/v6-m\libc_nano.a
END GROUP
START GROUP
LOAD c:/program files (x86)/atmel/studio/7.0/toolchain/arm/arm-gnu-toolchain/bin/../lib/gcc/arm-none-eabi/6.3.1/thumb/v6-m\libgcc.a
LOAD c:/program files (x86)/atmel/studio/7.0/toolchain/arm/arm-gnu-toolchain/bin/../lib/gcc/arm-none-eabi/6.3.1/../../../../arm-none-eabi/lib/thumb/v6-m\libc_nano.a
END GROUP
LOAD c:/program files (x86)/atmel/studio/7.0/toolchain/arm/arm-gnu-toolchain/bin/../lib/gcc/arm-none-eabi/6.3.1/thumb/v6-m/crtend.o
LOAD c:/program files (x86)/atmel/studio/7.0/toolchain/arm/arm-gnu-toolchain/bin/../lib/gcc/arm-none-eabi/6.3.1/thumb/v6-m/crtn.o
                0x00002000                STACK_SIZE = DEFINED (STACK_SIZE)?STACK_SIZE:DEFINED (__stack_size__)?__stack_size__:0x2000

.text           0x00000000     0x4c94
                0x00000000                . = ALIGN (0x4)
                0x00000000                _sfixed = .
 *(.vectors .vectors.*)
 .vectors       0x00000000       0xb4 src/ASF/sam0/utils/cmsis/samd21/source/gcc/startup_samd21.o
                0x00000000                exception_table
 *(.text .text.* .gnu.linkonce.t.*)
 .text          0x000000b4       0x60 c:/program files (x86)/atmel/studio/7.0/toolchain/arm/arm-gnu-toolchain/bin/../lib/gcc/arm-none-eabi/6.3.1/thumb/v6-m/crtbegin.o
 .text.cpu_irq_enter_critical
                0x00000114       0x40 src/ASF/common/utils/interrupt/interrupt_sam_nvic.o
                0x00000114                cpu_irq_enter_critical
 .text.cpu_irq_leave_critical
                0x00000154       0x30 src/ASF/common/utils/interrupt/interrupt_sam_nvic.o
                0x00000154                cpu_irq_leave_critical
 .text.system_board_init
                0x00000184       0x38 src/ASF/sam0/boards/samd21_xplained_pro/board_init.o
                0x00000184                board_init
                0x00000184                system_board_init
 .text.port_pin_set_config
                0x000001bc       0x24 src/ASF/sam0/drivers/port/port.o
                0x000001bc                port_pin_set_config
 .text._i2c_master_wait_for_sync
                0x000001e0        0xc src/ASF/sam0/drivers/sercom/i2c/i2c_sam0/i2c_master.o
 .text.i2c_master_init
                0x000001ec      0x2f8 src/ASF/sam0/drivers/sercom/i2c/i2c_sam0/i2c_master.o
                0x000001ec                i2c_master_init
 .text._i2c_master_address_response
                0x000004e4       0x30 src/ASF/sam0/drivers/sercom/i2c/i2c_sam0/i2c_master.o
                0x000004e4                _i2c_master_address_response
 .text._i2c_master_wait_for_bus
                0x00000514       0x2c src/ASF/sam0/drivers/sercom/i2c/i2c_sam0/i2c_master.o
                0x00000514                _i2c_master_wait_for_bus
 .text._i2c_master_send_hs_master_code
                0x00000540       0x20 src/ASF/sam0/drivers/sercom/i2c/i2c_sam0/i2c_master.o
                0x00000540                _i2c_master_send_hs_master_code
 .text._i2c_master_write_packet
                0x00000560       0xf4 src/ASF/sam0/drivers/sercom/i2c/i2c_sam0/i2c_master.o
 .text.i2c_master_write_packet_wait
                0x00000654       0x24 src/ASF/sam0/drivers/sercom/i2c/i2c_sam0/i2c_master.o
                0x00000654                i2c_master_write_packet_wait
 .text._i2c_master_wait_for_sync
                0x00000678        0xc src/ASF/sam0/drivers/sercom/i2c/i2c_sam0/i2c_master_interrupt.o
 .text._i2c_master_read
                0x00000684       0x88 src/ASF/sam0/drivers/sercom/i2c/i2c_sam0/i2c_master_interrupt.o
 .text._i2c_master_write
                0x0000070c       0x3c src/ASF/sam0/drivers/sercom/i2c/i2c_sam0/i2c_master_interrupt.o
 .text._i2c_master_read_packet
                0x00000748       0xc8 src/ASF/sam0/drivers/sercom/i2c/i2c_sam0/i2c_master_interrupt.o
 .text.i2c_master_register_callback
                0x00000810       0x16 src/ASF/sam0/drivers/sercom/i2c/i2c_sam0/i2c_master_interrupt.o
                0x00000810                i2c_master_register_callback
 *fill*         0x00000826        0x2 
 .text.i2c_master_read_packet_job
                0x00000828       0x24 src/ASF/sam0/drivers/sercom/i2c/i2c_sam0/i2c_master_interrupt.o
                0x00000828                i2c_master_read_packet_job
 .text._i2c_master_interrupt_handler
                0x0000084c      0x1ec src/ASF/sam0/drivers/sercom/i2c/i2c_sam0/i2c_master_interrupt.o
                0x0000084c                _i2c_master_interrupt_handler
 .text.i2c_slave_init
                0x00000a38      0x190 src/ASF/sam0/drivers/sercom/i2c/i2c_sam0/i2c_slave.o
                0x00000a38                i2c_slave_init
 .text.i2c_slave_register_callback
                0x00000bc8       0x1a src/ASF/sam0/drivers/sercom/i2c/i2c_sam0/i2c_slave_interrupt.o
                0x00000bc8                i2c_slave_register_callback
 .text.i2c_slave_read_packet_job
                0x00000be2       0x28 src/ASF/sam0/drivers/sercom/i2c/i2c_sam0/i2c_slave_interrupt.o
                0x00000be2                i2c_slave_read_packet_job
 .text.i2c_slave_write_packet_job
                0x00000c0a       0x28 src/ASF/sam0/drivers/sercom/i2c/i2c_sam0/i2c_slave_interrupt.o
                0x00000c0a                i2c_slave_write_packet_job
 *fill*         0x00000c32        0x2 
 .text._i2c_slave_interrupt_handler
                0x00000c34      0x280 src/ASF/sam0/drivers/sercom/i2c/i2c_sam0/i2c_slave_interrupt.o
                0x00000c34                _i2c_slave_interrupt_handler
 .text.long_division
                0x00000eb4       0xba src/ASF/sam0/drivers/sercom/sercom.o
 .text._sercom_get_sync_baud_val
                0x00000f6e       0x28 src/ASF/sam0/drivers/sercom/sercom.o
                0x00000f6e                _sercom_get_sync_baud_val
 *fill*         0x00000f96        0x2 
 .text._sercom_get_async_baud_val
                0x00000f98       0x94 src/ASF/sam0/drivers/sercom/sercom.o
                0x00000f98                _sercom_get_async_baud_val
 .text.sercom_set_gclk_generator
                0x0000102c       0x4c src/ASF/sam0/drivers/sercom/sercom.o
                0x0000102c                sercom_set_gclk_generator
 .text._sercom_get_default_pad
                0x00001078      0x178 src/ASF/sam0/drivers/sercom/sercom.o
                0x00001078                _sercom_get_default_pad
 .text._sercom_get_sercom_inst_index
                0x000011f0       0x38 src/ASF/sam0/drivers/sercom/sercom.o
                0x000011f0                _sercom_get_sercom_inst_index
 .text._sercom_default_handler
                0x00001228        0x2 src/ASF/sam0/drivers/sercom/sercom_interrupt.o
 *fill*         0x0000122a        0x2 
 .text._sercom_set_handler
                0x0000122c       0x3c src/ASF/sam0/drivers/sercom/sercom_interrupt.o
                0x0000122c                _sercom_set_handler
 .text._sercom_get_interrupt_vector
                0x00001268       0x30 src/ASF/sam0/drivers/sercom/sercom_interrupt.o
                0x00001268                _sercom_get_interrupt_vector
 .text.SERCOM0_Handler
                0x00001298       0x10 src/ASF/sam0/drivers/sercom/sercom_interrupt.o
                0x00001298                SERCOM0_Handler
 .text.SERCOM1_Handler
                0x000012a8       0x10 src/ASF/sam0/drivers/sercom/sercom_interrupt.o
                0x000012a8                SERCOM1_Handler
 .text.SERCOM2_Handler
                0x000012b8       0x10 src/ASF/sam0/drivers/sercom/sercom_interrupt.o
                0x000012b8                SERCOM2_Handler
 .text.SERCOM3_Handler
                0x000012c8       0x10 src/ASF/sam0/drivers/sercom/sercom_interrupt.o
                0x000012c8                SERCOM3_Handler
 .text.SERCOM4_Handler
                0x000012d8       0x10 src/ASF/sam0/drivers/sercom/sercom_interrupt.o
                0x000012d8                SERCOM4_Handler
 .text.SERCOM5_Handler
                0x000012e8       0x10 src/ASF/sam0/drivers/sercom/sercom_interrupt.o
                0x000012e8                SERCOM5_Handler
 .text.usart_init
                0x000012f8      0x344 src/ASF/sam0/drivers/sercom/usart/usart.o
                0x000012f8                usart_init
 .text.usart_write_wait
                0x0000163c       0x2c src/ASF/sam0/drivers/sercom/usart/usart.o
                0x0000163c                usart_write_wait
 .text.usart_write_buffer_wait
                0x00001668       0xc0 src/ASF/sam0/drivers/sercom/usart/usart.o
                0x00001668                usart_write_buffer_wait
 .text._usart_read_buffer
                0x00001728       0x50 src/ASF/sam0/drivers/sercom/usart/usart_interrupt.o
                0x00001728                _usart_read_buffer
 .text.usart_register_callback
                0x00001778       0x18 src/ASF/sam0/drivers/sercom/usart/usart_interrupt.o
                0x00001778                usart_register_callback
 .text.usart_read_buffer_job
                0x00001790       0x20 src/ASF/sam0/drivers/sercom/usart/usart_interrupt.o
                0x00001790                usart_read_buffer_job
 .text._usart_interrupt_handler
                0x000017b0      0x194 src/ASF/sam0/drivers/sercom/usart/usart_interrupt.o
                0x000017b0                _usart_interrupt_handler
 .text.system_clock_source_get_hz
                0x00001944       0x90 src/ASF/sam0/drivers/system/clock/clock_samd21_r21_da_ha1/clock.o
                0x00001944                system_clock_source_get_hz
 .text.system_clock_source_osc8m_set_config
                0x000019d4       0x3c src/ASF/sam0/drivers/system/clock/clock_samd21_r21_da_ha1/clock.o
                0x000019d4                system_clock_source_osc8m_set_config
 .text.system_clock_source_enable
                0x00001a10       0xa8 src/ASF/sam0/drivers/system/clock/clock_samd21_r21_da_ha1/clock.o
                0x00001a10                system_clock_source_enable
 .text.system_clock_init
                0x00001ab8       0x98 src/ASF/sam0/drivers/system/clock/clock_samd21_r21_da_ha1/clock.o
                0x00001ab8                system_clock_init
 .text.system_gclk_init
                0x00001b50       0x24 src/ASF/sam0/drivers/system/clock/clock_samd21_r21_da_ha1/gclk.o
                0x00001b50                system_gclk_init
 .text.system_gclk_gen_set_config
                0x00001b74       0xb8 src/ASF/sam0/drivers/system/clock/clock_samd21_r21_da_ha1/gclk.o
                0x00001b74                system_gclk_gen_set_config
 .text.system_gclk_gen_enable
                0x00001c2c       0x44 src/ASF/sam0/drivers/system/clock/clock_samd21_r21_da_ha1/gclk.o
                0x00001c2c                system_gclk_gen_enable
 .text.system_gclk_gen_get_hz
                0x00001c70       0x8c src/ASF/sam0/drivers/system/clock/clock_samd21_r21_da_ha1/gclk.o
                0x00001c70                system_gclk_gen_get_hz
 .text.system_gclk_chan_enable
                0x00001cfc       0x30 src/ASF/sam0/drivers/system/clock/clock_samd21_r21_da_ha1/gclk.o
                0x00001cfc                system_gclk_chan_enable
 .text.system_gclk_chan_disable
                0x00001d2c       0x5c src/ASF/sam0/drivers/system/clock/clock_samd21_r21_da_ha1/gclk.o
                0x00001d2c                system_gclk_chan_disable
 .text.system_gclk_chan_set_config
                0x00001d88       0x1c src/ASF/sam0/drivers/system/clock/clock_samd21_r21_da_ha1/gclk.o
                0x00001d88                system_gclk_chan_set_config
 .text.system_gclk_chan_get_hz
                0x00001da4       0x34 src/ASF/sam0/drivers/system/clock/clock_samd21_r21_da_ha1/gclk.o
                0x00001da4                system_gclk_chan_get_hz
 .text._system_pinmux_config
                0x00001dd8       0xa8 src/ASF/sam0/drivers/system/pinmux/pinmux.o
 .text.system_pinmux_pin_set_config
                0x00001e80       0x30 src/ASF/sam0/drivers/system/pinmux/pinmux.o
                0x00001e80                system_pinmux_pin_set_config
 .text._system_dummy_init
                0x00001eb0        0x2 src/ASF/sam0/drivers/system/system.o
                0x00001eb0                _system_extint_init
                0x00001eb0                _system_events_init
                0x00001eb0                _system_dummy_init
                0x00001eb0                _system_divas_init
 *fill*         0x00001eb2        0x2 
 .text.system_init
                0x00001eb4       0x2c src/ASF/sam0/drivers/system/system.o
                0x00001eb4                system_init
 .text.Dummy_Handler
                0x00001ee0        0x2 src/ASF/sam0/utils/cmsis/samd21/source/gcc/startup_samd21.o
                0x00001ee0                DMAC_Handler
                0x00001ee0                HardFault_Handler
                0x00001ee0                AC_Handler
                0x00001ee0                SysTick_Handler
                0x00001ee0                PendSV_Handler
                0x00001ee0                NMI_Handler
                0x00001ee0                ADC_Handler
                0x00001ee0                TCC1_Handler
                0x00001ee0                TCC0_Handler
                0x00001ee0                RTC_Handler
                0x00001ee0                EIC_Handler
                0x00001ee0                WDT_Handler
                0x00001ee0                TC4_Handler
                0x00001ee0                USB_Handler
                0x00001ee0                TC3_Handler
                0x00001ee0                Dummy_Handler
                0x00001ee0                PM_Handler
                0x00001ee0                SVC_Handler
                0x00001ee0                TCC2_Handler
                0x00001ee0                EVSYS_Handler
                0x00001ee0                I2S_Handler
                0x00001ee0                NVMCTRL_Handler
                0x00001ee0                DAC_Handler
                0x00001ee0                PTC_Handler
                0x00001ee0                TC5_Handler
                0x00001ee0                SYSCTRL_Handler
 *fill*         0x00001ee2        0x2 
 .text.Reset_Handler
                0x00001ee4       0xe4 src/ASF/sam0/utils/cmsis/samd21/source/gcc/startup_samd21.o
                0x00001ee4                Reset_Handler
 .text._sbrk    0x00001fc8       0x24 src/ASF/sam0/utils/syscalls/gcc/syscalls.o
                0x00001fc8                _sbrk
 .text.usart_write_callback
                0x00001fec        0x2 src/qs_i2c_slave_callback.o
                0x00001fec                usart_write_callback
 *fill*         0x00001fee        0x2 
 .text.i2c_read_request_callback
                0x00001ff0       0x3c src/qs_i2c_slave_callback.o
                0x00001ff0                i2c_read_request_callback
 .text.i2c_write_request_callback
                0x0000202c       0x4c src/qs_i2c_slave_callback.o
                0x0000202c                i2c_write_request_callback
 .text.i2c_slave_write_complete_callback
                0x00002078       0x2c src/qs_i2c_slave_callback.o
                0x00002078                i2c_slave_write_complete_callback
 .text.i2c_slave_read_complete_callback
                0x000020a4       0xf4 src/qs_i2c_slave_callback.o
                0x000020a4                i2c_slave_read_complete_callback
 .text.i2c_write_complete_callback
                0x00002198       0x18 src/qs_i2c_slave_callback.o
                0x00002198                i2c_write_complete_callback
 .text.usart_read_callback
                0x000021b0       0x54 src/qs_i2c_slave_callback.o
                0x000021b0                usart_read_callback
 .text.configure_i2c_slave
                0x00002204       0x9c src/qs_i2c_slave_callback.o
                0x00002204                configure_i2c_slave
 .text.configure_i2c_slave_callbacks
                0x000022a0       0x6c src/qs_i2c_slave_callback.o
                0x000022a0                configure_i2c_slave_callbacks
 .text.configure_usart
                0x0000230c       0xbc src/qs_i2c_slave_callback.o
                0x0000230c                configure_usart
 .text.configure_i2c_master
                0x000023c8       0xb4 src/qs_i2c_slave_callback.o
                0x000023c8                configure_i2c_master
 .text.configure_i2c_master_callbacks
                0x0000247c       0x24 src/qs_i2c_slave_callback.o
                0x0000247c                configure_i2c_master_callbacks
 .text.configure_usart_callbacks
                0x000024a0       0x34 src/qs_i2c_slave_callback.o
                0x000024a0                configure_usart_callbacks
 .text.set_genie_mode
                0x000024d4       0xa0 src/qs_i2c_slave_callback.o
                0x000024d4                set_genie_mode
 .text.main     0x00002574       0xcc src/qs_i2c_slave_callback.o
                0x00002574                main
 .text          0x00002640      0x114 c:/program files (x86)/atmel/studio/7.0/toolchain/arm/arm-gnu-toolchain/bin/../lib/gcc/arm-none-eabi/6.3.1/thumb/v6-m\libgcc.a(_udivsi3.o)
                0x00002640                __aeabi_uidiv
                0x00002640                __udivsi3
                0x0000274c                __aeabi_uidivmod
 .text          0x00002754        0x4 c:/program files (x86)/atmel/studio/7.0/toolchain/arm/arm-gnu-toolchain/bin/../lib/gcc/arm-none-eabi/6.3.1/thumb/v6-m\libgcc.a(_dvmd_tls.o)
                0x00002754                __aeabi_idiv0
                0x00002754                __aeabi_ldiv0
 .text          0x00002758       0x54 c:/program files (x86)/atmel/studio/7.0/toolchain/arm/arm-gnu-toolchain/bin/../lib/gcc/arm-none-eabi/6.3.1/thumb/v6-m\libgcc.a(_muldi3.o)
                0x00002758                __muldi3
                0x00002758                __aeabi_lmul
 .text          0x000027ac      0x620 c:/program files (x86)/atmel/studio/7.0/toolchain/arm/arm-gnu-toolchain/bin/../lib/gcc/arm-none-eabi/6.3.1/thumb/v6-m\libgcc.a(adddf3.o)
                0x000027ac                __aeabi_dadd
 .text          0x00002dcc      0x668 c:/program files (x86)/atmel/studio/7.0/toolchain/arm/arm-gnu-toolchain/bin/../lib/gcc/arm-none-eabi/6.3.1/thumb/v6-m\libgcc.a(divdf3.o)
                0x00002dcc                __aeabi_ddiv
 .text          0x00003434      0x500 c:/program files (x86)/atmel/studio/7.0/toolchain/arm/arm-gnu-toolchain/bin/../lib/gcc/arm-none-eabi/6.3.1/thumb/v6-m\libgcc.a(muldf3.o)
                0x00003434                __aeabi_dmul
 .text          0x00003934      0x62c c:/program files (x86)/atmel/studio/7.0/toolchain/arm/arm-gnu-toolchain/bin/../lib/gcc/arm-none-eabi/6.3.1/thumb/v6-m\libgcc.a(subdf3.o)
                0x00003934                __aeabi_dsub
 .text          0x00003f60       0x68 c:/program files (x86)/atmel/studio/7.0/toolchain/arm/arm-gnu-toolchain/bin/../lib/gcc/arm-none-eabi/6.3.1/thumb/v6-m\libgcc.a(fixdfsi.o)
                0x00003f60                __aeabi_d2iz
 .text          0x00003fc8       0x70 c:/program files (x86)/atmel/studio/7.0/toolchain/arm/arm-gnu-toolchain/bin/../lib/gcc/arm-none-eabi/6.3.1/thumb/v6-m\libgcc.a(floatunsidf.o)
                0x00003fc8                __aeabi_ui2d
 .text          0x00004038       0x3c c:/program files (x86)/atmel/studio/7.0/toolchain/arm/arm-gnu-toolchain/bin/../lib/gcc/arm-none-eabi/6.3.1/thumb/v6-m\libgcc.a(_clzsi2.o)
                0x00004038                __clzsi2
 .text.__libc_init_array
                0x00004074       0x48 c:/program files (x86)/atmel/studio/7.0/toolchain/arm/arm-gnu-toolchain/bin/../lib/gcc/arm-none-eabi/6.3.1/../../../../arm-none-eabi/lib/thumb/v6-m\libc_nano.a(lib_a-init.o)
                0x00004074                __libc_init_array
 .text.memcpy   0x000040bc       0x12 c:/program files (x86)/atmel/studio/7.0/toolchain/arm/arm-gnu-toolchain/bin/../lib/gcc/arm-none-eabi/6.3.1/../../../../arm-none-eabi/lib/thumb/v6-m\libc_nano.a(lib_a-memcpy-stub.o)
                0x000040bc                memcpy
 .text.memset   0x000040ce       0x10 c:/program files (x86)/atmel/studio/7.0/toolchain/arm/arm-gnu-toolchain/bin/../lib/gcc/arm-none-eabi/6.3.1/../../../../arm-none-eabi/lib/thumb/v6-m\libc_nano.a(lib_a-memset.o)
                0x000040ce                memset
 *fill*         0x000040de        0x2 
 .text.snprintf
                0x000040e0       0x64 c:/program files (x86)/atmel/studio/7.0/toolchain/arm/arm-gnu-toolchain/bin/../lib/gcc/arm-none-eabi/6.3.1/../../../../arm-none-eabi/lib/thumb/v6-m\libc_nano.a(lib_a-snprintf.o)
                0x000040e0                sniprintf
                0x000040e0                snprintf
 .text.__ssputs_r
                0x00004144       0xc4 c:/program files (x86)/atmel/studio/7.0/toolchain/arm/arm-gnu-toolchain/bin/../lib/gcc/arm-none-eabi/6.3.1/../../../../arm-none-eabi/lib/thumb/v6-m\libc_nano.a(lib_a-nano-svfprintf.o)
                0x00004144                __ssputs_r
 .text._svfprintf_r
                0x00004208      0x208 c:/program files (x86)/atmel/studio/7.0/toolchain/arm/arm-gnu-toolchain/bin/../lib/gcc/arm-none-eabi/6.3.1/../../../../arm-none-eabi/lib/thumb/v6-m\libc_nano.a(lib_a-nano-svfprintf.o)
                0x00004208                _svfiprintf_r
                0x00004208                _svfprintf_r
 .text._printf_common
                0x00004410       0xda c:/program files (x86)/atmel/studio/7.0/toolchain/arm/arm-gnu-toolchain/bin/../lib/gcc/arm-none-eabi/6.3.1/../../../../arm-none-eabi/lib/thumb/v6-m\libc_nano.a(lib_a-nano-vfprintf_i.o)
                0x00004410                _printf_common
 *fill*         0x000044ea        0x2 
 .text._printf_i
                0x000044ec      0x234 c:/program files (x86)/atmel/studio/7.0/toolchain/arm/arm-gnu-toolchain/bin/../lib/gcc/arm-none-eabi/6.3.1/../../../../arm-none-eabi/lib/thumb/v6-m\libc_nano.a(lib_a-nano-vfprintf_i.o)
                0x000044ec                _printf_i
 .text.memchr   0x00004720       0x16 c:/program files (x86)/atmel/studio/7.0/toolchain/arm/arm-gnu-toolchain/bin/../lib/gcc/arm-none-eabi/6.3.1/../../../../arm-none-eabi/lib/thumb/v6-m\libc_nano.a(lib_a-memchr-stub.o)
                0x00004720                memchr
 .text.memmove  0x00004736       0x24 c:/program files (x86)/atmel/studio/7.0/toolchain/arm/arm-gnu-toolchain/bin/../lib/gcc/arm-none-eabi/6.3.1/../../../../arm-none-eabi/lib/thumb/v6-m\libc_nano.a(lib_a-memmove.o)
                0x00004736                memmove
 *fill*         0x0000475a        0x2 
 .text._free_r  0x0000475c       0x94 c:/program files (x86)/atmel/studio/7.0/toolchain/arm/arm-gnu-toolchain/bin/../lib/gcc/arm-none-eabi/6.3.1/../../../../arm-none-eabi/lib/thumb/v6-m\libc_nano.a(lib_a-nano-freer.o)
                0x0000475c                _free_r
 .text._malloc_r
                0x000047f0       0xbc c:/program files (x86)/atmel/studio/7.0/toolchain/arm/arm-gnu-toolchain/bin/../lib/gcc/arm-none-eabi/6.3.1/../../../../arm-none-eabi/lib/thumb/v6-m\libc_nano.a(lib_a-nano-mallocr.o)
                0x000047f0                _malloc_r
 .text._realloc_r
                0x000048ac       0x4c c:/program files (x86)/atmel/studio/7.0/toolchain/arm/arm-gnu-toolchain/bin/../lib/gcc/arm-none-eabi/6.3.1/../../../../arm-none-eabi/lib/thumb/v6-m\libc_nano.a(lib_a-nano-reallocr.o)
                0x000048ac                _realloc_r
 .text._sbrk_r  0x000048f8       0x24 c:/program files (x86)/atmel/studio/7.0/toolchain/arm/arm-gnu-toolchain/bin/../lib/gcc/arm-none-eabi/6.3.1/../../../../arm-none-eabi/lib/thumb/v6-m\libc_nano.a(lib_a-sbrkr.o)
                0x000048f8                _sbrk_r
 .text.__malloc_lock
                0x0000491c        0x2 c:/program files (x86)/atmel/studio/7.0/toolchain/arm/arm-gnu-toolchain/bin/../lib/gcc/arm-none-eabi/6.3.1/../../../../arm-none-eabi/lib/thumb/v6-m\libc_nano.a(lib_a-mlock.o)
                0x0000491c                __malloc_lock
 .text.__malloc_unlock
                0x0000491e        0x2 c:/program files (x86)/atmel/studio/7.0/toolchain/arm/arm-gnu-toolchain/bin/../lib/gcc/arm-none-eabi/6.3.1/../../../../arm-none-eabi/lib/thumb/v6-m\libc_nano.a(lib_a-mlock.o)
                0x0000491e                __malloc_unlock
 .text._malloc_usable_size_r
                0x00004920       0x10 c:/program files (x86)/atmel/studio/7.0/toolchain/arm/arm-gnu-toolchain/bin/../lib/gcc/arm-none-eabi/6.3.1/../../../../arm-none-eabi/lib/thumb/v6-m\libc_nano.a(lib_a-nano-msizer.o)
                0x00004920                _malloc_usable_size_r
 *(.glue_7t)
 .glue_7t       0x00004930        0x0 linker stubs
 *(.glue_7)
 .glue_7        0x00004930        0x0 linker stubs
 *(.rodata .rodata* .gnu.linkonce.r.*)
 .rodata        0x00004930       0x18 src/ASF/sam0/drivers/sercom/sercom.o
 .rodata.system_clock_source_get_hz
                0x00004948       0x24 src/ASF/sam0/drivers/system/clock/clock_samd21_r21_da_ha1/clock.o
 .rodata.system_clock_source_enable
                0x0000496c       0x24 src/ASF/sam0/drivers/system/clock/clock_samd21_r21_da_ha1/clock.o
 .rodata.i2c_slave_read_complete_callback.str1.4
                0x00004990       0x26 src/qs_i2c_slave_callback.o
                                 0x2a (size before relaxing)
 *fill*         0x000049b6        0x2 
 .rodata.i2c_slave_write_complete_callback.str1.4
                0x000049b8        0x5 src/qs_i2c_slave_callback.o
 *fill*         0x000049bd        0x3 
 .rodata.main.str1.4
                0x000049c0      0x12f src/qs_i2c_slave_callback.o
 *fill*         0x00004aef        0x1 
 .rodata.set_genie_mode.str1.4
                0x00004af0       0xd0 src/qs_i2c_slave_callback.o
                                 0xcf (size before relaxing)
 .rodata        0x00004bc0       0x40 c:/program files (x86)/atmel/studio/7.0/toolchain/arm/arm-gnu-toolchain/bin/../lib/gcc/arm-none-eabi/6.3.1/thumb/v6-m\libgcc.a(divdf3.o)
 .rodata        0x00004c00       0x40 c:/program files (x86)/atmel/studio/7.0/toolchain/arm/arm-gnu-toolchain/bin/../lib/gcc/arm-none-eabi/6.3.1/thumb/v6-m\libgcc.a(muldf3.o)
 .rodata._svfprintf_r.str1.1
                0x00004c40       0x11 c:/program files (x86)/atmel/studio/7.0/toolchain/arm/arm-gnu-toolchain/bin/../lib/gcc/arm-none-eabi/6.3.1/../../../../arm-none-eabi/lib/thumb/v6-m\libc_nano.a(lib_a-nano-svfprintf.o)
 .rodata._printf_i.str1.1
                0x00004c51       0x22 c:/program files (x86)/atmel/studio/7.0/toolchain/arm/arm-gnu-toolchain/bin/../lib/gcc/arm-none-eabi/6.3.1/../../../../arm-none-eabi/lib/thumb/v6-m\libc_nano.a(lib_a-nano-vfprintf_i.o)
 *(.ARM.extab* .gnu.linkonce.armextab.*)
                0x00004c74                . = ALIGN (0x4)
 *fill*         0x00004c73        0x1 
 *(.init)
 .init          0x00004c74        0x4 c:/program files (x86)/atmel/studio/7.0/toolchain/arm/arm-gnu-toolchain/bin/../lib/gcc/arm-none-eabi/6.3.1/thumb/v6-m/crti.o
                0x00004c74                _init
 .init          0x00004c78        0x8 c:/program files (x86)/atmel/studio/7.0/toolchain/arm/arm-gnu-toolchain/bin/../lib/gcc/arm-none-eabi/6.3.1/thumb/v6-m/crtn.o
                0x00004c80                . = ALIGN (0x4)
                0x00004c80                __preinit_array_start = .
 *(.preinit_array)
                0x00004c80                __preinit_array_end = .
                0x00004c80                . = ALIGN (0x4)
                0x00004c80                __init_array_start = .
 *(SORT(.init_array.*))
 *(.init_array)
 .init_array    0x00004c80        0x4 c:/program files (x86)/atmel/studio/7.0/toolchain/arm/arm-gnu-toolchain/bin/../lib/gcc/arm-none-eabi/6.3.1/thumb/v6-m/crtbegin.o
                0x00004c84                __init_array_end = .
                0x00004c84                . = ALIGN (0x4)
 *crtbegin.o(.ctors)
 *(EXCLUDE_FILE(*crtend.o) .ctors)
 *(SORT(.ctors.*))
 *crtend.o(.ctors)
                0x00004c84                . = ALIGN (0x4)
 *(.fini)
 .fini          0x00004c84        0x4 c:/program files (x86)/atmel/studio/7.0/toolchain/arm/arm-gnu-toolchain/bin/../lib/gcc/arm-none-eabi/6.3.1/thumb/v6-m/crti.o
                0x00004c84                _fini
 .fini          0x00004c88        0x8 c:/program files (x86)/atmel/studio/7.0/toolchain/arm/arm-gnu-toolchain/bin/../lib/gcc/arm-none-eabi/6.3.1/thumb/v6-m/crtn.o
                0x00004c90                . = ALIGN (0x4)
                0x00004c90                __fini_array_start = .
 *(.fini_array)
 .fini_array    0x00004c90        0x4 c:/program files (x86)/atmel/studio/7.0/toolchain/arm/arm-gnu-toolchain/bin/../lib/gcc/arm-none-eabi/6.3.1/thumb/v6-m/crtbegin.o
 *(SORT(.fini_array.*))
                0x00004c94                __fini_array_end = .
 *crtbegin.o(.dtors)
 *(EXCLUDE_FILE(*crtend.o) .dtors)
 *(SORT(.dtors.*))
 *crtend.o(.dtors)
                0x00004c94                . = ALIGN (0x4)
                0x00004c94                _efixed = .
                [!provide]                PROVIDE (__exidx_start, .)

.vfp11_veneer   0x00004c94        0x0
 .vfp11_veneer  0x00004c94        0x0 linker stubs

.v4_bx          0x00004c94        0x0
 .v4_bx         0x00004c94        0x0 linker stubs

.iplt           0x00004c94        0x0
 .iplt          0x00004c94        0x0 c:/program files (x86)/atmel/studio/7.0/toolchain/arm/arm-gnu-toolchain/bin/../lib/gcc/arm-none-eabi/6.3.1/thumb/v6-m/crtbegin.o

.eh_frame       0x00004c94        0x0
 .eh_frame      0x00004c94        0x0 c:/program files (x86)/atmel/studio/7.0/toolchain/arm/arm-gnu-toolchain/bin/../lib/gcc/arm-none-eabi/6.3.1/thumb/v6-m/crtbegin.o

.rel.dyn        0x00004c94        0x0
 .rel.iplt      0x00004c94        0x0 c:/program files (x86)/atmel/studio/7.0/toolchain/arm/arm-gnu-toolchain/bin/../lib/gcc/arm-none-eabi/6.3.1/thumb/v6-m/crtbegin.o

.jcr            0x00004c94        0x0
 .jcr           0x00004c94        0x0 c:/program files (x86)/atmel/studio/7.0/toolchain/arm/arm-gnu-toolchain/bin/../lib/gcc/arm-none-eabi/6.3.1/thumb/v6-m/crtbegin.o

.igot.plt       0x00004c94        0x0
 .igot.plt      0x00004c94        0x0 c:/program files (x86)/atmel/studio/7.0/toolchain/arm/arm-gnu-toolchain/bin/../lib/gcc/arm-none-eabi/6.3.1/thumb/v6-m/crtbegin.o

.ARM.exidx
 *(.ARM.exidx* .gnu.linkonce.armexidx.*)
                [!provide]                PROVIDE (__exidx_end, .)
                0x00004c94                . = ALIGN (0x4)
                0x00004c94                _etext = .

.relocate       0x20000000       0x74 load address 0x00004c94
                0x20000000                . = ALIGN (0x4)
                0x20000000                _srelocate = .
 *(.ramfunc .ramfunc.*)
 *(.data .data.*)
 .data.g_interrupt_enabled
                0x20000000        0x1 src/ASF/common/utils/interrupt/interrupt_sam_nvic.o
                0x20000000                g_interrupt_enabled
 .data.redirect_address
                0x20000001        0x1 src/qs_i2c_slave_callback.o
                0x20000001                redirect_address
 *fill*         0x20000002        0x2 
 .data.write_buffer_in
                0x20000004        0xa src/qs_i2c_slave_callback.o
 *fill*         0x2000000e        0x2 
 .data._impure_ptr
                0x20000010        0x4 c:/program files (x86)/atmel/studio/7.0/toolchain/arm/arm-gnu-toolchain/bin/../lib/gcc/arm-none-eabi/6.3.1/../../../../arm-none-eabi/lib/thumb/v6-m\libc_nano.a(lib_a-impure.o)
                0x20000010                _impure_ptr
 .data.impure_data
                0x20000014       0x60 c:/program files (x86)/atmel/studio/7.0/toolchain/arm/arm-gnu-toolchain/bin/../lib/gcc/arm-none-eabi/6.3.1/../../../../arm-none-eabi/lib/thumb/v6-m\libc_nano.a(lib_a-impure.o)
                0x20000074                . = ALIGN (0x4)
                0x20000074                _erelocate = .

.bss            0x20000074      0x154 load address 0x00004d08
                0x20000074                . = ALIGN (0x4)
                0x20000074                _sbss = .
                0x20000074                _szero = .
 *(.bss .bss.*)
 .bss           0x20000074       0x1c c:/program files (x86)/atmel/studio/7.0/toolchain/arm/arm-gnu-toolchain/bin/../lib/gcc/arm-none-eabi/6.3.1/thumb/v6-m/crtbegin.o
 .bss.cpu_irq_critical_section_counter
                0x20000090        0x4 src/ASF/common/utils/interrupt/interrupt_sam_nvic.o
 .bss.cpu_irq_prev_interrupt_state
                0x20000094        0x1 src/ASF/common/utils/interrupt/interrupt_sam_nvic.o
 *fill*         0x20000095        0x3 
 .bss._sercom_config
                0x20000098        0x2 src/ASF/sam0/drivers/sercom/sercom.o
 .bss._handler_table_initialized
                0x2000009a        0x1 src/ASF/sam0/drivers/sercom/sercom_interrupt.o
 *fill*         0x2000009b        0x1 
 .bss._sercom_interrupt_handlers
                0x2000009c       0x18 src/ASF/sam0/drivers/sercom/sercom_interrupt.o
 .bss._system_clock_inst
                0x200000b4       0x18 src/ASF/sam0/drivers/system/clock/clock_samd21_r21_da_ha1/clock.o
 .bss.heap.5296
                0x200000cc        0x4 src/ASF/sam0/utils/syscalls/gcc/syscalls.o
 .bss.cmdLen    0x200000d0        0x2 src/qs_i2c_slave_callback.o
                0x200000d0                cmdLen
 .bss.dest_addr
                0x200000d2        0x1 src/qs_i2c_slave_callback.o
 .bss.genie_mode
                0x200000d3        0x1 src/qs_i2c_slave_callback.o
                0x200000d3                genie_mode
 .bss.packet_in
                0x200000d4        0x8 src/qs_i2c_slave_callback.o
 .bss.packet_in_index
                0x200000dc        0x1 src/qs_i2c_slave_callback.o
                0x200000dc                packet_in_index
 *fill*         0x200000dd        0x3 
 .bss.read_buffer_in
                0x200000e0        0xa src/qs_i2c_slave_callback.o
 *fill*         0x200000ea        0x2 
 .bss.__malloc_free_list
                0x200000ec        0x4 c:/program files (x86)/atmel/studio/7.0/toolchain/arm/arm-gnu-toolchain/bin/../lib/gcc/arm-none-eabi/6.3.1/../../../../arm-none-eabi/lib/thumb/v6-m\libc_nano.a(lib_a-nano-mallocr.o)
                0x200000ec                __malloc_free_list
 .bss.__malloc_sbrk_start
                0x200000f0        0x4 c:/program files (x86)/atmel/studio/7.0/toolchain/arm/arm-gnu-toolchain/bin/../lib/gcc/arm-none-eabi/6.3.1/../../../../arm-none-eabi/lib/thumb/v6-m\libc_nano.a(lib_a-nano-mallocr.o)
                0x200000f0                __malloc_sbrk_start
 *(COMMON)
 COMMON         0x200000f4       0x18 src/ASF/sam0/drivers/sercom/sercom_interrupt.o
                0x200000f4                _sercom_instances
 COMMON         0x2000010c       0xb8 src/qs_i2c_slave_callback.o
                0x2000010c                usart_instance
                0x20000140                rx_buffer
                0x20000144                cmd_buffer
                0x20000150                i2c_master_instance
                0x20000178                wr_packet_out
                0x20000184                rd_packet_out
                0x20000190                i2c_slave_instance
 COMMON         0x200001c4        0x4 c:/program files (x86)/atmel/studio/7.0/toolchain/arm/arm-gnu-toolchain/bin/../lib/gcc/arm-none-eabi/6.3.1/../../../../arm-none-eabi/lib/thumb/v6-m\libc_nano.a(lib_a-reent.o)
                0x200001c4                errno
                0x200001c8                . = ALIGN (0x4)
                0x200001c8                _ebss = .
                0x200001c8                _ezero = .

.stack          0x200001c8     0x2000 load address 0x00004e5c
                0x200001c8                . = ALIGN (0x8)
                0x200001c8                _sstack = .
                0x200021c8                . = (. + STACK_SIZE)
 *fill*         0x200001c8     0x2000 
                0x200021c8                . = ALIGN (0x8)
                0x200021c8                _estack = .
                0x200021c8                . = ALIGN (0x4)
                0x200021c8                _end = .
OUTPUT(I2C_QUICK_START_SLAVE_INTERRUPT1.elf elf32-littlearm)

.ARM.attributes
                0x00000000       0x28
 .ARM.attributes
                0x00000000       0x1e c:/program files (x86)/atmel/studio/7.0/toolchain/arm/arm-gnu-toolchain/bin/../lib/gcc/arm-none-eabi/6.3.1/thumb/v6-m/crti.o
 .ARM.attributes
                0x0000001e       0x2c c:/program files (x86)/atmel/studio/7.0/toolchain/arm/arm-gnu-toolchain/bin/../lib/gcc/arm-none-eabi/6.3.1/thumb/v6-m/crtbegin.o
 .ARM.attributes
                0x0000004a       0x32 src/ASF/common/utils/interrupt/interrupt_sam_nvic.o
 .ARM.attributes
                0x0000007c       0x32 src/ASF/sam0/boards/samd21_xplained_pro/board_init.o
 .ARM.attributes
                0x000000ae       0x32 src/ASF/sam0/drivers/port/port.o
 .ARM.attributes
                0x000000e0       0x32 src/ASF/sam0/drivers/sercom/i2c/i2c_sam0/i2c_master.o
 .ARM.attributes
                0x00000112       0x32 src/ASF/sam0/drivers/sercom/i2c/i2c_sam0/i2c_master_interrupt.o
 .ARM.attributes
                0x00000144       0x32 src/ASF/sam0/drivers/sercom/i2c/i2c_sam0/i2c_slave.o
 .ARM.attributes
                0x00000176       0x32 src/ASF/sam0/drivers/sercom/i2c/i2c_sam0/i2c_slave_interrupt.o
 .ARM.attributes
                0x000001a8       0x32 src/ASF/sam0/drivers/sercom/sercom.o
 .ARM.attributes
                0x000001da       0x32 src/ASF/sam0/drivers/sercom/sercom_interrupt.o
 .ARM.attributes
                0x0000020c       0x32 src/ASF/sam0/drivers/sercom/usart/usart.o
 .ARM.attributes
                0x0000023e       0x32 src/ASF/sam0/drivers/sercom/usart/usart_interrupt.o
 .ARM.attributes
                0x00000270       0x32 src/ASF/sam0/drivers/system/clock/clock_samd21_r21_da_ha1/clock.o
 .ARM.attributes
                0x000002a2       0x32 src/ASF/sam0/drivers/system/clock/clock_samd21_r21_da_ha1/gclk.o
 .ARM.attributes
                0x000002d4       0x32 src/ASF/sam0/drivers/system/pinmux/pinmux.o
 .ARM.attributes
                0x00000306       0x32 src/ASF/sam0/drivers/system/system.o
 .ARM.attributes
                0x00000338       0x32 src/ASF/sam0/utils/cmsis/samd21/source/gcc/startup_samd21.o
 .ARM.attributes
                0x0000036a       0x32 src/ASF/sam0/utils/syscalls/gcc/syscalls.o
 .ARM.attributes
                0x0000039c       0x32 src/qs_i2c_slave_callback.o
 .ARM.attributes
                0x000003ce       0x1e c:/program files (x86)/atmel/studio/7.0/toolchain/arm/arm-gnu-toolchain/bin/../lib/gcc/arm-none-eabi/6.3.1/thumb/v6-m\libgcc.a(_udivsi3.o)
 .ARM.attributes
                0x000003ec       0x1e c:/program files (x86)/atmel/studio/7.0/toolchain/arm/arm-gnu-toolchain/bin/../lib/gcc/arm-none-eabi/6.3.1/thumb/v6-m\libgcc.a(_dvmd_tls.o)
 .ARM.attributes
                0x0000040a       0x2c c:/program files (x86)/atmel/studio/7.0/toolchain/arm/arm-gnu-toolchain/bin/../lib/gcc/arm-none-eabi/6.3.1/thumb/v6-m\libgcc.a(_muldi3.o)
 .ARM.attributes
                0x00000436       0x2c c:/program files (x86)/atmel/studio/7.0/toolchain/arm/arm-gnu-toolchain/bin/../lib/gcc/arm-none-eabi/6.3.1/thumb/v6-m\libgcc.a(adddf3.o)
 .ARM.attributes
                0x00000462       0x2c c:/program files (x86)/atmel/studio/7.0/toolchain/arm/arm-gnu-toolchain/bin/../lib/gcc/arm-none-eabi/6.3.1/thumb/v6-m\libgcc.a(divdf3.o)
 .ARM.attributes
                0x0000048e       0x2c c:/program files (x86)/atmel/studio/7.0/toolchain/arm/arm-gnu-toolchain/bin/../lib/gcc/arm-none-eabi/6.3.1/thumb/v6-m\libgcc.a(muldf3.o)
 .ARM.attributes
                0x000004ba       0x2c c:/program files (x86)/atmel/studio/7.0/toolchain/arm/arm-gnu-toolchain/bin/../lib/gcc/arm-none-eabi/6.3.1/thumb/v6-m\libgcc.a(subdf3.o)
 .ARM.attributes
                0x000004e6       0x2c c:/program files (x86)/atmel/studio/7.0/toolchain/arm/arm-gnu-toolchain/bin/../lib/gcc/arm-none-eabi/6.3.1/thumb/v6-m\libgcc.a(fixdfsi.o)
 .ARM.attributes
                0x00000512       0x2c c:/program files (x86)/atmel/studio/7.0/toolchain/arm/arm-gnu-toolchain/bin/../lib/gcc/arm-none-eabi/6.3.1/thumb/v6-m\libgcc.a(floatunsidf.o)
 .ARM.attributes
                0x0000053e       0x1e c:/program files (x86)/atmel/studio/7.0/toolchain/arm/arm-gnu-toolchain/bin/../lib/gcc/arm-none-eabi/6.3.1/thumb/v6-m\libgcc.a(_clzsi2.o)
 .ARM.attributes
                0x0000055c       0x2c c:/program files (x86)/atmel/studio/7.0/toolchain/arm/arm-gnu-toolchain/bin/../lib/gcc/arm-none-eabi/6.3.1/../../../../arm-none-eabi/lib/thumb/v6-m\libc_nano.a(lib_a-impure.o)
 .ARM.attributes
                0x00000588       0x2c c:/program files (x86)/atmel/studio/7.0/toolchain/arm/arm-gnu-toolchain/bin/../lib/gcc/arm-none-eabi/6.3.1/../../../../arm-none-eabi/lib/thumb/v6-m\libc_nano.a(lib_a-init.o)
 .ARM.attributes
                0x000005b4       0x2c c:/program files (x86)/atmel/studio/7.0/toolchain/arm/arm-gnu-toolchain/bin/../lib/gcc/arm-none-eabi/6.3.1/../../../../arm-none-eabi/lib/thumb/v6-m\libc_nano.a(lib_a-memcpy-stub.o)
 .ARM.attributes
                0x000005e0       0x2c c:/program files (x86)/atmel/studio/7.0/toolchain/arm/arm-gnu-toolchain/bin/../lib/gcc/arm-none-eabi/6.3.1/../../../../arm-none-eabi/lib/thumb/v6-m\libc_nano.a(lib_a-memset.o)
 .ARM.attributes
                0x0000060c       0x2c c:/program files (x86)/atmel/studio/7.0/toolchain/arm/arm-gnu-toolchain/bin/../lib/gcc/arm-none-eabi/6.3.1/../../../../arm-none-eabi/lib/thumb/v6-m\libc_nano.a(lib_a-snprintf.o)
 .ARM.attributes
                0x00000638       0x2c c:/program files (x86)/atmel/studio/7.0/toolchain/arm/arm-gnu-toolchain/bin/../lib/gcc/arm-none-eabi/6.3.1/../../../../arm-none-eabi/lib/thumb/v6-m\libc_nano.a(lib_a-nano-svfprintf.o)
 .ARM.attributes
                0x00000664       0x2c c:/program files (x86)/atmel/studio/7.0/toolchain/arm/arm-gnu-toolchain/bin/../lib/gcc/arm-none-eabi/6.3.1/../../../../arm-none-eabi/lib/thumb/v6-m\libc_nano.a(lib_a-nano-vfprintf_i.o)
 .ARM.attributes
                0x00000690       0x2c c:/program files (x86)/atmel/studio/7.0/toolchain/arm/arm-gnu-toolchain/bin/../lib/gcc/arm-none-eabi/6.3.1/../../../../arm-none-eabi/lib/thumb/v6-m\libc_nano.a(lib_a-memchr-stub.o)
 .ARM.attributes
                0x000006bc       0x2c c:/program files (x86)/atmel/studio/7.0/toolchain/arm/arm-gnu-toolchain/bin/../lib/gcc/arm-none-eabi/6.3.1/../../../../arm-none-eabi/lib/thumb/v6-m\libc_nano.a(lib_a-memmove.o)
 .ARM.attributes
                0x000006e8       0x2c c:/program files (x86)/atmel/studio/7.0/toolchain/arm/arm-gnu-toolchain/bin/../lib/gcc/arm-none-eabi/6.3.1/../../../../arm-none-eabi/lib/thumb/v6-m\libc_nano.a(lib_a-nano-freer.o)
 .ARM.attributes
                0x00000714       0x2c c:/program files (x86)/atmel/studio/7.0/toolchain/arm/arm-gnu-toolchain/bin/../lib/gcc/arm-none-eabi/6.3.1/../../../../arm-none-eabi/lib/thumb/v6-m\libc_nano.a(lib_a-nano-mallocr.o)
 .ARM.attributes
                0x00000740       0x2c c:/program files (x86)/atmel/studio/7.0/toolchain/arm/arm-gnu-toolchain/bin/../lib/gcc/arm-none-eabi/6.3.1/../../../../arm-none-eabi/lib/thumb/v6-m\libc_nano.a(lib_a-nano-reallocr.o)
 .ARM.attributes
                0x0000076c       0x2c c:/program files (x86)/atmel/studio/7.0/toolchain/arm/arm-gnu-toolchain/bin/../lib/gcc/arm-none-eabi/6.3.1/../../../../arm-none-eabi/lib/thumb/v6-m\libc_nano.a(lib_a-sbrkr.o)
 .ARM.attributes
                0x00000798       0x2c c:/program files (x86)/atmel/studio/7.0/toolchain/arm/arm-gnu-toolchain/bin/../lib/gcc/arm-none-eabi/6.3.1/../../../../arm-none-eabi/lib/thumb/v6-m\libc_nano.a(lib_a-mlock.o)
 .ARM.attributes
                0x000007c4       0x2c c:/program files (x86)/atmel/studio/7.0/toolchain/arm/arm-gnu-toolchain/bin/../lib/gcc/arm-none-eabi/6.3.1/../../../../arm-none-eabi/lib/thumb/v6-m\libc_nano.a(lib_a-nano-msizer.o)
 .ARM.attributes
                0x000007f0       0x2c c:/program files (x86)/atmel/studio/7.0/toolchain/arm/arm-gnu-toolchain/bin/../lib/gcc/arm-none-eabi/6.3.1/../../../../arm-none-eabi/lib/thumb/v6-m\libc_nano.a(lib_a-reent.o)
 .ARM.attributes
                0x0000081c       0x1e c:/program files (x86)/atmel/studio/7.0/toolchain/arm/arm-gnu-toolchain/bin/../lib/gcc/arm-none-eabi/6.3.1/thumb/v6-m/crtn.o

.comment        0x00000000       0x59
 .comment       0x00000000       0x59 src/ASF/common/utils/interrupt/interrupt_sam_nvic.o
                                 0x5a (size before relaxing)
 .comment       0x00000059       0x5a src/ASF/sam0/boards/samd21_xplained_pro/board_init.o
 .comment       0x00000059       0x5a src/ASF/sam0/drivers/port/port.o
 .comment       0x00000059       0x5a src/ASF/sam0/drivers/sercom/i2c/i2c_sam0/i2c_master.o
 .comment       0x00000059       0x5a src/ASF/sam0/drivers/sercom/i2c/i2c_sam0/i2c_master_interrupt.o
 .comment       0x00000059       0x5a src/ASF/sam0/drivers/sercom/i2c/i2c_sam0/i2c_slave.o
 .comment       0x00000059       0x5a src/ASF/sam0/drivers/sercom/i2c/i2c_sam0/i2c_slave_interrupt.o
 .comment       0x00000059       0x5a src/ASF/sam0/drivers/sercom/sercom.o
 .comment       0x00000059       0x5a src/ASF/sam0/drivers/sercom/sercom_interrupt.o
 .comment       0x00000059       0x5a src/ASF/sam0/drivers/sercom/usart/usart.o
 .comment       0x00000059       0x5a src/ASF/sam0/drivers/sercom/usart/usart_interrupt.o
 .comment       0x00000059       0x5a src/ASF/sam0/drivers/system/clock/clock_samd21_r21_da_ha1/clock.o
 .comment       0x00000059       0x5a src/ASF/sam0/drivers/system/clock/clock_samd21_r21_da_ha1/gclk.o
 .comment       0x00000059       0x5a src/ASF/sam0/drivers/system/pinmux/pinmux.o
 .comment       0x00000059       0x5a src/ASF/sam0/drivers/system/system.o
 .comment       0x00000059       0x5a src/ASF/sam0/utils/cmsis/samd21/source/gcc/startup_samd21.o
 .comment       0x00000059       0x5a src/ASF/sam0/utils/syscalls/gcc/syscalls.o
 .comment       0x00000059       0x5a src/qs_i2c_slave_callback.o

.debug_info     0x00000000    0x30fbf
 .debug_info    0x00000000      0xb07 src/ASF/common/utils/interrupt/interrupt_sam_nvic.o
 .debug_info    0x00000b07     0x12ad src/ASF/sam0/boards/samd21_xplained_pro/board_init.o
 .debug_info    0x00001db4     0x12b6 src/ASF/sam0/drivers/port/port.o
 .debug_info    0x0000306a     0x4f6e src/ASF/sam0/drivers/sercom/i2c/i2c_sam0/i2c_master.o
 .debug_info    0x00007fd8     0x3133 src/ASF/sam0/drivers/sercom/i2c/i2c_sam0/i2c_master_interrupt.o
 .debug_info    0x0000b10b     0x4a3d src/ASF/sam0/drivers/sercom/i2c/i2c_sam0/i2c_slave.o
 .debug_info    0x0000fb48     0x3182 src/ASF/sam0/drivers/sercom/i2c/i2c_sam0/i2c_slave_interrupt.o
 .debug_info    0x00012cca     0x2dd8 src/ASF/sam0/drivers/sercom/sercom.o
 .debug_info    0x00015aa2     0x2bd2 src/ASF/sam0/drivers/sercom/sercom_interrupt.o
 .debug_info    0x00018674     0x4ac0 src/ASF/sam0/drivers/sercom/usart/usart.o
 .debug_info    0x0001d134     0x304b src/ASF/sam0/drivers/sercom/usart/usart_interrupt.o
 .debug_info    0x0002017f     0x37bf src/ASF/sam0/drivers/system/clock/clock_samd21_r21_da_ha1/clock.o
 .debug_info    0x0002393e     0x1ed1 src/ASF/sam0/drivers/system/clock/clock_samd21_r21_da_ha1/gclk.o
 .debug_info    0x0002580f     0x13f5 src/ASF/sam0/drivers/system/pinmux/pinmux.o
 .debug_info    0x00026c04      0xa73 src/ASF/sam0/drivers/system/system.o
 .debug_info    0x00027677     0x3a49 src/ASF/sam0/utils/cmsis/samd21/source/gcc/startup_samd21.o
 .debug_info    0x0002b0c0      0xd98 src/ASF/sam0/utils/syscalls/gcc/syscalls.o
 .debug_info    0x0002be58     0x5167 src/qs_i2c_slave_callback.o

.debug_abbrev   0x00000000     0x3f49
 .debug_abbrev  0x00000000      0x22c src/ASF/common/utils/interrupt/interrupt_sam_nvic.o
 .debug_abbrev  0x0000022c      0x2dc src/ASF/sam0/boards/samd21_xplained_pro/board_init.o
 .debug_abbrev  0x00000508      0x298 src/ASF/sam0/drivers/port/port.o
 .debug_abbrev  0x000007a0      0x4fb src/ASF/sam0/drivers/sercom/i2c/i2c_sam0/i2c_master.o
 .debug_abbrev  0x00000c9b      0x427 src/ASF/sam0/drivers/sercom/i2c/i2c_sam0/i2c_master_interrupt.o
 .debug_abbrev  0x000010c2      0x4ef src/ASF/sam0/drivers/sercom/i2c/i2c_sam0/i2c_slave.o
 .debug_abbrev  0x000015b1      0x3b4 src/ASF/sam0/drivers/sercom/i2c/i2c_sam0/i2c_slave_interrupt.o
 .debug_abbrev  0x00001965      0x378 src/ASF/sam0/drivers/sercom/sercom.o
 .debug_abbrev  0x00001cdd      0x2d8 src/ASF/sam0/drivers/sercom/sercom_interrupt.o
 .debug_abbrev  0x00001fb5      0x477 src/ASF/sam0/drivers/sercom/usart/usart.o
 .debug_abbrev  0x0000242c      0x416 src/ASF/sam0/drivers/sercom/usart/usart_interrupt.o
 .debug_abbrev  0x00002842      0x465 src/ASF/sam0/drivers/system/clock/clock_samd21_r21_da_ha1/clock.o
 .debug_abbrev  0x00002ca7      0x3f1 src/ASF/sam0/drivers/system/clock/clock_samd21_r21_da_ha1/gclk.o
 .debug_abbrev  0x00003098      0x37b src/ASF/sam0/drivers/system/pinmux/pinmux.o
 .debug_abbrev  0x00003413      0x1e1 src/ASF/sam0/drivers/system/system.o
 .debug_abbrev  0x000035f4      0x234 src/ASF/sam0/utils/cmsis/samd21/source/gcc/startup_samd21.o
 .debug_abbrev  0x00003828      0x257 src/ASF/sam0/utils/syscalls/gcc/syscalls.o
 .debug_abbrev  0x00003a7f      0x4ca src/qs_i2c_slave_callback.o

.debug_aranges  0x00000000      0x620
 .debug_aranges
                0x00000000       0x28 src/ASF/common/utils/interrupt/interrupt_sam_nvic.o
 .debug_aranges
                0x00000028       0x20 src/ASF/sam0/boards/samd21_xplained_pro/board_init.o
 .debug_aranges
                0x00000048       0x28 src/ASF/sam0/drivers/port/port.o
 .debug_aranges
                0x00000070       0xa0 src/ASF/sam0/drivers/sercom/i2c/i2c_sam0/i2c_master.o
 .debug_aranges
                0x00000110       0x90 src/ASF/sam0/drivers/sercom/i2c/i2c_sam0/i2c_master_interrupt.o
 .debug_aranges
                0x000001a0       0x60 src/ASF/sam0/drivers/sercom/i2c/i2c_sam0/i2c_slave.o
 .debug_aranges
                0x00000200       0x50 src/ASF/sam0/drivers/sercom/i2c/i2c_sam0/i2c_slave_interrupt.o
 .debug_aranges
                0x00000250       0x48 src/ASF/sam0/drivers/sercom/sercom.o
 .debug_aranges
                0x00000298       0x60 src/ASF/sam0/drivers/sercom/sercom_interrupt.o
 .debug_aranges
                0x000002f8       0x40 src/ASF/sam0/drivers/sercom/usart/usart.o
 .debug_aranges
                0x00000338       0x70 src/ASF/sam0/drivers/sercom/usart/usart_interrupt.o
 .debug_aranges
                0x000003a8       0x78 src/ASF/sam0/drivers/system/clock/clock_samd21_r21_da_ha1/clock.o
 .debug_aranges
                0x00000420       0x80 src/ASF/sam0/drivers/system/clock/clock_samd21_r21_da_ha1/gclk.o
 .debug_aranges
                0x000004a0       0x40 src/ASF/sam0/drivers/system/pinmux/pinmux.o
 .debug_aranges
                0x000004e0       0x28 src/ASF/sam0/drivers/system/system.o
 .debug_aranges
                0x00000508       0x28 src/ASF/sam0/utils/cmsis/samd21/source/gcc/startup_samd21.o
 .debug_aranges
                0x00000530       0x60 src/ASF/sam0/utils/syscalls/gcc/syscalls.o
 .debug_aranges
                0x00000590       0x90 src/qs_i2c_slave_callback.o

.debug_ranges   0x00000000      0x6b8
 .debug_ranges  0x00000000       0x18 src/ASF/common/utils/interrupt/interrupt_sam_nvic.o
 .debug_ranges  0x00000018       0x10 src/ASF/sam0/boards/samd21_xplained_pro/board_init.o
 .debug_ranges  0x00000028       0x18 src/ASF/sam0/drivers/port/port.o
 .debug_ranges  0x00000040       0xa8 src/ASF/sam0/drivers/sercom/i2c/i2c_sam0/i2c_master.o
 .debug_ranges  0x000000e8       0x98 src/ASF/sam0/drivers/sercom/i2c/i2c_sam0/i2c_master_interrupt.o
 .debug_ranges  0x00000180       0x80 src/ASF/sam0/drivers/sercom/i2c/i2c_sam0/i2c_slave.o
 .debug_ranges  0x00000200       0x40 src/ASF/sam0/drivers/sercom/i2c/i2c_sam0/i2c_slave_interrupt.o
 .debug_ranges  0x00000240       0x50 src/ASF/sam0/drivers/sercom/sercom.o
 .debug_ranges  0x00000290       0x50 src/ASF/sam0/drivers/sercom/sercom_interrupt.o
 .debug_ranges  0x000002e0      0x140 src/ASF/sam0/drivers/sercom/usart/usart.o
 .debug_ranges  0x00000420       0x60 src/ASF/sam0/drivers/sercom/usart/usart_interrupt.o
 .debug_ranges  0x00000480       0x68 src/ASF/sam0/drivers/system/clock/clock_samd21_r21_da_ha1/clock.o
 .debug_ranges  0x000004e8       0x88 src/ASF/sam0/drivers/system/clock/clock_samd21_r21_da_ha1/gclk.o
 .debug_ranges  0x00000570       0x30 src/ASF/sam0/drivers/system/pinmux/pinmux.o
 .debug_ranges  0x000005a0       0x18 src/ASF/sam0/drivers/system/system.o
 .debug_ranges  0x000005b8       0x18 src/ASF/sam0/utils/cmsis/samd21/source/gcc/startup_samd21.o
 .debug_ranges  0x000005d0       0x50 src/ASF/sam0/utils/syscalls/gcc/syscalls.o
 .debug_ranges  0x00000620       0x98 src/qs_i2c_slave_callback.o

.debug_macro    0x00000000    0x1a830
 .debug_macro   0x00000000      0x4fe src/ASF/common/utils/interrupt/interrupt_sam_nvic.o
 .debug_macro   0x000004fe      0x8c2 src/ASF/common/utils/interrupt/interrupt_sam_nvic.o
 .debug_macro   0x00000dc0      0x16d src/ASF/common/utils/interrupt/interrupt_sam_nvic.o
 .debug_macro   0x00000f2d      0x64b src/ASF/common/utils/interrupt/interrupt_sam_nvic.o
 .debug_macro   0x00001578       0x22 src/ASF/common/utils/interrupt/interrupt_sam_nvic.o
 .debug_macro   0x0000159a       0x87 src/ASF/common/utils/interrupt/interrupt_sam_nvic.o
 .debug_macro   0x00001621       0x51 src/ASF/common/utils/interrupt/interrupt_sam_nvic.o
 .debug_macro   0x00001672       0xef src/ASF/common/utils/interrupt/interrupt_sam_nvic.o
 .debug_macro   0x00001761       0x6a src/ASF/common/utils/interrupt/interrupt_sam_nvic.o
 .debug_macro   0x000017cb      0x1df src/ASF/common/utils/interrupt/interrupt_sam_nvic.o
 .debug_macro   0x000019aa       0x10 src/ASF/common/utils/interrupt/interrupt_sam_nvic.o
 .debug_macro   0x000019ba       0x76 src/ASF/common/utils/interrupt/interrupt_sam_nvic.o
 .debug_macro   0x00001a30       0x16 src/ASF/common/utils/interrupt/interrupt_sam_nvic.o
 .debug_macro   0x00001a46      0x6e5 src/ASF/common/utils/interrupt/interrupt_sam_nvic.o
 .debug_macro   0x0000212b      0xde2 src/ASF/common/utils/interrupt/interrupt_sam_nvic.o
 .debug_macro   0x00002f0d       0x22 src/ASF/common/utils/interrupt/interrupt_sam_nvic.o
 .debug_macro   0x00002f2f       0x40 src/ASF/common/utils/interrupt/interrupt_sam_nvic.o
 .debug_macro   0x00002f6f       0x3a src/ASF/common/utils/interrupt/interrupt_sam_nvic.o
 .debug_macro   0x00002fa9       0x1f src/ASF/common/utils/interrupt/interrupt_sam_nvic.o
 .debug_macro   0x00002fc8      0x250 src/ASF/common/utils/interrupt/interrupt_sam_nvic.o
 .debug_macro   0x00003218      0x682 src/ASF/common/utils/interrupt/interrupt_sam_nvic.o
 .debug_macro   0x0000389a      0x8bf src/ASF/common/utils/interrupt/interrupt_sam_nvic.o
 .debug_macro   0x00004159      0x235 src/ASF/common/utils/interrupt/interrupt_sam_nvic.o
 .debug_macro   0x0000438e      0xd6a src/ASF/common/utils/interrupt/interrupt_sam_nvic.o
 .debug_macro   0x000050f8      0x4ce src/ASF/common/utils/interrupt/interrupt_sam_nvic.o
 .debug_macro   0x000055c6      0x9f8 src/ASF/common/utils/interrupt/interrupt_sam_nvic.o
 .debug_macro   0x00005fbe      0x82b src/ASF/common/utils/interrupt/interrupt_sam_nvic.o
 .debug_macro   0x000067e9      0x45f src/ASF/common/utils/interrupt/interrupt_sam_nvic.o
 .debug_macro   0x00006c48       0x5e src/ASF/common/utils/interrupt/interrupt_sam_nvic.o
 .debug_macro   0x00006ca6      0x906 src/ASF/common/utils/interrupt/interrupt_sam_nvic.o
 .debug_macro   0x000075ac      0x225 src/ASF/common/utils/interrupt/interrupt_sam_nvic.o
 .debug_macro   0x000077d1      0x963 src/ASF/common/utils/interrupt/interrupt_sam_nvic.o
 .debug_macro   0x00008134       0x5e src/ASF/common/utils/interrupt/interrupt_sam_nvic.o
 .debug_macro   0x00008192      0x671 src/ASF/common/utils/interrupt/interrupt_sam_nvic.o
 .debug_macro   0x00008803      0x3af src/ASF/common/utils/interrupt/interrupt_sam_nvic.o
 .debug_macro   0x00008bb2      0xc7f src/ASF/common/utils/interrupt/interrupt_sam_nvic.o
 .debug_macro   0x00009831     0x1092 src/ASF/common/utils/interrupt/interrupt_sam_nvic.o
 .debug_macro   0x0000a8c3      0xc4a src/ASF/common/utils/interrupt/interrupt_sam_nvic.o
 .debug_macro   0x0000b50d      0x6bf src/ASF/common/utils/interrupt/interrupt_sam_nvic.o
 .debug_macro   0x0000bbcc     0x1bc9 src/ASF/common/utils/interrupt/interrupt_sam_nvic.o
 .debug_macro   0x0000d795     0x144a src/ASF/common/utils/interrupt/interrupt_sam_nvic.o
 .debug_macro   0x0000ebdf      0x34e src/ASF/common/utils/interrupt/interrupt_sam_nvic.o
 .debug_macro   0x0000ef2d       0x7c src/ASF/common/utils/interrupt/interrupt_sam_nvic.o
 .debug_macro   0x0000efa9       0xa0 src/ASF/common/utils/interrupt/interrupt_sam_nvic.o
 .debug_macro   0x0000f049       0x4c src/ASF/common/utils/interrupt/interrupt_sam_nvic.o
 .debug_macro   0x0000f095       0xca src/ASF/common/utils/interrupt/interrupt_sam_nvic.o
 .debug_macro   0x0000f15f       0x94 src/ASF/common/utils/interrupt/interrupt_sam_nvic.o
 .debug_macro   0x0000f1f3       0x58 src/ASF/common/utils/interrupt/interrupt_sam_nvic.o
 .debug_macro   0x0000f24b      0x387 src/ASF/common/utils/interrupt/interrupt_sam_nvic.o
 .debug_macro   0x0000f5d2       0x82 src/ASF/common/utils/interrupt/interrupt_sam_nvic.o
 .debug_macro   0x0000f654      0x197 src/ASF/common/utils/interrupt/interrupt_sam_nvic.o
 .debug_macro   0x0000f7eb       0xb8 src/ASF/common/utils/interrupt/interrupt_sam_nvic.o
 .debug_macro   0x0000f8a3       0xa0 src/ASF/common/utils/interrupt/interrupt_sam_nvic.o
 .debug_macro   0x0000f943       0xb8 src/ASF/common/utils/interrupt/interrupt_sam_nvic.o
 .debug_macro   0x0000f9fb       0x1c src/ASF/common/utils/interrupt/interrupt_sam_nvic.o
 .debug_macro   0x0000fa17       0x1c src/ASF/common/utils/interrupt/interrupt_sam_nvic.o
 .debug_macro   0x0000fa33       0x1c src/ASF/common/utils/interrupt/interrupt_sam_nvic.o
 .debug_macro   0x0000fa4f       0x82 src/ASF/common/utils/interrupt/interrupt_sam_nvic.o
 .debug_macro   0x0000fad1      0x161 src/ASF/common/utils/interrupt/interrupt_sam_nvic.o
 .debug_macro   0x0000fc32       0xdc src/ASF/common/utils/interrupt/interrupt_sam_nvic.o
 .debug_macro   0x0000fd0e      0x12f src/ASF/common/utils/interrupt/interrupt_sam_nvic.o
 .debug_macro   0x0000fe3d      0x12f src/ASF/common/utils/interrupt/interrupt_sam_nvic.o
 .debug_macro   0x0000ff6c      0x12f src/ASF/common/utils/interrupt/interrupt_sam_nvic.o
 .debug_macro   0x0001009b      0x12f src/ASF/common/utils/interrupt/interrupt_sam_nvic.o
 .debug_macro   0x000101ca      0x12f src/ASF/common/utils/interrupt/interrupt_sam_nvic.o
 .debug_macro   0x000102f9      0x12f src/ASF/common/utils/interrupt/interrupt_sam_nvic.o
 .debug_macro   0x00010428      0x124 src/ASF/common/utils/interrupt/interrupt_sam_nvic.o
 .debug_macro   0x0001054c       0xe2 src/ASF/common/utils/interrupt/interrupt_sam_nvic.o
 .debug_macro   0x0001062e       0xe2 src/ASF/common/utils/interrupt/interrupt_sam_nvic.o
 .debug_macro   0x00010710       0xe2 src/ASF/common/utils/interrupt/interrupt_sam_nvic.o
 .debug_macro   0x000107f2      0x133 src/ASF/common/utils/interrupt/interrupt_sam_nvic.o
 .debug_macro   0x00010925      0x106 src/ASF/common/utils/interrupt/interrupt_sam_nvic.o
 .debug_macro   0x00010a2b       0xfa src/ASF/common/utils/interrupt/interrupt_sam_nvic.o
 .debug_macro   0x00010b25      0x40f src/ASF/common/utils/interrupt/interrupt_sam_nvic.o
 .debug_macro   0x00010f34       0x40 src/ASF/common/utils/interrupt/interrupt_sam_nvic.o
 .debug_macro   0x00010f74      0x361 src/ASF/common/utils/interrupt/interrupt_sam_nvic.o
 .debug_macro   0x000112d5     0x16ed src/ASF/common/utils/interrupt/interrupt_sam_nvic.o
 .debug_macro   0x000129c2       0x6d src/ASF/common/utils/interrupt/interrupt_sam_nvic.o
 .debug_macro   0x00012a2f       0x58 src/ASF/common/utils/interrupt/interrupt_sam_nvic.o
 .debug_macro   0x00012a87       0x35 src/ASF/common/utils/interrupt/interrupt_sam_nvic.o
 .debug_macro   0x00012abc       0x9c src/ASF/common/utils/interrupt/interrupt_sam_nvic.o
 .debug_macro   0x00012b58       0x16 src/ASF/common/utils/interrupt/interrupt_sam_nvic.o
 .debug_macro   0x00012b6e       0x35 src/ASF/common/utils/interrupt/interrupt_sam_nvic.o
 .debug_macro   0x00012ba3      0x353 src/ASF/common/utils/interrupt/interrupt_sam_nvic.o
 .debug_macro   0x00012ef6       0x10 src/ASF/common/utils/interrupt/interrupt_sam_nvic.o
 .debug_macro   0x00012f06       0x58 src/ASF/common/utils/interrupt/interrupt_sam_nvic.o
 .debug_macro   0x00012f5e       0x1f src/ASF/common/utils/interrupt/interrupt_sam_nvic.o
 .debug_macro   0x00012f7d       0x43 src/ASF/common/utils/interrupt/interrupt_sam_nvic.o
 .debug_macro   0x00012fc0       0x20 src/ASF/common/utils/interrupt/interrupt_sam_nvic.o
 .debug_macro   0x00012fe0      0x187 src/ASF/common/utils/interrupt/interrupt_sam_nvic.o
 .debug_macro   0x00013167       0x10 src/ASF/common/utils/interrupt/interrupt_sam_nvic.o
 .debug_macro   0x00013177       0x1c src/ASF/common/utils/interrupt/interrupt_sam_nvic.o
 .debug_macro   0x00013193       0x52 src/ASF/common/utils/interrupt/interrupt_sam_nvic.o
 .debug_macro   0x000131e5       0x40 src/ASF/common/utils/interrupt/interrupt_sam_nvic.o
 .debug_macro   0x00013225       0x10 src/ASF/common/utils/interrupt/interrupt_sam_nvic.o
 .debug_macro   0x00013235       0x40 src/ASF/common/utils/interrupt/interrupt_sam_nvic.o
 .debug_macro   0x00013275       0xd7 src/ASF/common/utils/interrupt/interrupt_sam_nvic.o
 .debug_macro   0x0001334c       0x16 src/ASF/common/utils/interrupt/interrupt_sam_nvic.o
 .debug_macro   0x00013362      0x18b src/ASF/common/utils/interrupt/interrupt_sam_nvic.o
 .debug_macro   0x000134ed       0x16 src/ASF/common/utils/interrupt/interrupt_sam_nvic.o
 .debug_macro   0x00013503       0x16 src/ASF/common/utils/interrupt/interrupt_sam_nvic.o
 .debug_macro   0x00013519       0x29 src/ASF/common/utils/interrupt/interrupt_sam_nvic.o
 .debug_macro   0x00013542       0x51 src/ASF/common/utils/interrupt/interrupt_sam_nvic.o
 .debug_macro   0x00013593      0x3df src/ASF/common/utils/interrupt/interrupt_sam_nvic.o
 .debug_macro   0x00013972       0x3f src/ASF/common/utils/interrupt/interrupt_sam_nvic.o
 .debug_macro   0x000139b1      0x539 src/ASF/sam0/boards/samd21_xplained_pro/board_init.o
 .debug_macro   0x00013eea      0x2c6 src/ASF/sam0/boards/samd21_xplained_pro/board_init.o
 .debug_macro   0x000141b0       0x10 src/ASF/sam0/boards/samd21_xplained_pro/board_init.o
 .debug_macro   0x000141c0      0xa0d src/ASF/sam0/boards/samd21_xplained_pro/board_init.o
 .debug_macro   0x00014bcd       0x18 src/ASF/sam0/boards/samd21_xplained_pro/board_init.o
 .debug_macro   0x00014be5       0x12 src/ASF/sam0/boards/samd21_xplained_pro/board_init.o
 .debug_macro   0x00014bf7      0x518 src/ASF/sam0/drivers/port/port.o
 .debug_macro   0x0001510f      0x5ad src/ASF/sam0/drivers/sercom/i2c/i2c_sam0/i2c_master.o
 .debug_macro   0x000156bc       0x11 src/ASF/sam0/drivers/sercom/i2c/i2c_sam0/i2c_master.o
 .debug_macro   0x000156cd       0x16 src/ASF/sam0/drivers/sercom/i2c/i2c_sam0/i2c_master.o
 .debug_macro   0x000156e3       0x2e src/ASF/sam0/drivers/sercom/i2c/i2c_sam0/i2c_master.o
 .debug_macro   0x00015711       0xb2 src/ASF/sam0/drivers/sercom/i2c/i2c_sam0/i2c_master.o
 .debug_macro   0x000157c3       0x10 src/ASF/sam0/drivers/sercom/i2c/i2c_sam0/i2c_master.o
 .debug_macro   0x000157d3       0x27 src/ASF/sam0/drivers/sercom/i2c/i2c_sam0/i2c_master.o
 .debug_macro   0x000157fa      0x5a9 src/ASF/sam0/drivers/sercom/i2c/i2c_sam0/i2c_master_interrupt.o
 .debug_macro   0x00015da3      0x5ac src/ASF/sam0/drivers/sercom/i2c/i2c_sam0/i2c_slave.o
 .debug_macro   0x0001634f       0x40 src/ASF/sam0/drivers/sercom/i2c/i2c_sam0/i2c_slave.o
 .debug_macro   0x0001638f      0x5a8 src/ASF/sam0/drivers/sercom/i2c/i2c_sam0/i2c_slave_interrupt.o
 .debug_macro   0x00016937      0x58b src/ASF/sam0/drivers/sercom/sercom.o
 .debug_macro   0x00016ec2      0x588 src/ASF/sam0/drivers/sercom/sercom_interrupt.o
 .debug_macro   0x0001744a      0x59c src/ASF/sam0/drivers/sercom/usart/usart.o
 .debug_macro   0x000179e6       0x51 src/ASF/sam0/drivers/sercom/usart/usart.o
 .debug_macro   0x00017a37      0x59c src/ASF/sam0/drivers/sercom/usart/usart_interrupt.o
 .debug_macro   0x00017fd3      0x56f src/ASF/sam0/drivers/system/clock/clock_samd21_r21_da_ha1/clock.o
 .debug_macro   0x00018542      0x29d src/ASF/sam0/drivers/system/clock/clock_samd21_r21_da_ha1/clock.o
 .debug_macro   0x000187df      0x534 src/ASF/sam0/drivers/system/clock/clock_samd21_r21_da_ha1/gclk.o
 .debug_macro   0x00018d13      0x50e src/ASF/sam0/drivers/system/pinmux/pinmux.o
 .debug_macro   0x00019221       0x12 src/ASF/sam0/drivers/system/pinmux/pinmux.o
 .debug_macro   0x00019233      0x541 src/ASF/sam0/drivers/system/system.o
 .debug_macro   0x00019774      0x2e5 src/ASF/sam0/utils/cmsis/samd21/source/gcc/startup_samd21.o
 .debug_macro   0x00019a59       0x3a src/ASF/sam0/utils/cmsis/samd21/source/gcc/startup_samd21.o
 .debug_macro   0x00019a93      0x1d6 src/ASF/sam0/utils/syscalls/gcc/syscalls.o
 .debug_macro   0x00019c69       0x52 src/ASF/sam0/utils/syscalls/gcc/syscalls.o
 .debug_macro   0x00019cbb       0x8d src/ASF/sam0/utils/syscalls/gcc/syscalls.o
 .debug_macro   0x00019d48       0x57 src/ASF/sam0/utils/syscalls/gcc/syscalls.o
 .debug_macro   0x00019d9f       0x97 src/ASF/sam0/utils/syscalls/gcc/syscalls.o
 .debug_macro   0x00019e36       0xf6 src/ASF/sam0/utils/syscalls/gcc/syscalls.o
 .debug_macro   0x00019f2c       0x4c src/ASF/sam0/utils/syscalls/gcc/syscalls.o
 .debug_macro   0x00019f78       0x16 src/ASF/sam0/utils/syscalls/gcc/syscalls.o
 .debug_macro   0x00019f8e       0x10 src/ASF/sam0/utils/syscalls/gcc/syscalls.o
 .debug_macro   0x00019f9e       0x10 src/ASF/sam0/utils/syscalls/gcc/syscalls.o
 .debug_macro   0x00019fae       0x35 src/ASF/sam0/utils/syscalls/gcc/syscalls.o
 .debug_macro   0x00019fe3      0x122 src/ASF/sam0/utils/syscalls/gcc/syscalls.o
 .debug_macro   0x0001a105      0x658 src/qs_i2c_slave_callback.o
 .debug_macro   0x0001a75d       0x2d src/qs_i2c_slave_callback.o
 .debug_macro   0x0001a78a       0x40 src/qs_i2c_slave_callback.o
 .debug_macro   0x0001a7ca       0x50 src/qs_i2c_slave_callback.o
 .debug_macro   0x0001a81a       0x16 src/qs_i2c_slave_callback.o

.debug_line     0x00000000     0xc8c9
 .debug_line    0x00000000      0x8c6 src/ASF/common/utils/interrupt/interrupt_sam_nvic.o
 .debug_line    0x000008c6      0x96d src/ASF/sam0/boards/samd21_xplained_pro/board_init.o
 .debug_line    0x00001233      0x8f2 src/ASF/sam0/drivers/port/port.o
 .debug_line    0x00001b25      0xe49 src/ASF/sam0/drivers/sercom/i2c/i2c_sam0/i2c_master.o
 .debug_line    0x0000296e      0xdc5 src/ASF/sam0/drivers/sercom/i2c/i2c_sam0/i2c_master_interrupt.o
 .debug_line    0x00003733      0xd9f src/ASF/sam0/drivers/sercom/i2c/i2c_sam0/i2c_slave.o
 .debug_line    0x000044d2      0xd51 src/ASF/sam0/drivers/sercom/i2c/i2c_sam0/i2c_slave_interrupt.o
 .debug_line    0x00005223      0xbcc src/ASF/sam0/drivers/sercom/sercom.o
 .debug_line    0x00005def      0xb6f src/ASF/sam0/drivers/sercom/sercom_interrupt.o
 .debug_line    0x0000695e      0xd36 src/ASF/sam0/drivers/sercom/usart/usart.o
 .debug_line    0x00007694      0xcc4 src/ASF/sam0/drivers/sercom/usart/usart_interrupt.o
 .debug_line    0x00008358      0xc47 src/ASF/sam0/drivers/system/clock/clock_samd21_r21_da_ha1/clock.o
 .debug_line    0x00008f9f      0xc6e src/ASF/sam0/drivers/system/clock/clock_samd21_r21_da_ha1/gclk.o
 .debug_line    0x00009c0d      0x93f src/ASF/sam0/drivers/system/pinmux/pinmux.o
 .debug_line    0x0000a54c      0x9e9 src/ASF/sam0/drivers/system/system.o
 .debug_line    0x0000af35      0x644 src/ASF/sam0/utils/cmsis/samd21/source/gcc/startup_samd21.o
 .debug_line    0x0000b579      0x40a src/ASF/sam0/utils/syscalls/gcc/syscalls.o
 .debug_line    0x0000b983      0xf46 src/qs_i2c_slave_callback.o

.debug_str      0x00000000    0x8b134
 .debug_str     0x00000000    0x7ebb7 src/ASF/common/utils/interrupt/interrupt_sam_nvic.o
                              0x7f488 (size before relaxing)
 .debug_str     0x0007ebb7     0x3e0b src/ASF/sam0/boards/samd21_xplained_pro/board_init.o
                              0x831c9 (size before relaxing)
 .debug_str     0x000829c2      0x18d src/ASF/sam0/drivers/port/port.o
                              0x7f8b4 (size before relaxing)
 .debug_str     0x00082b4f     0x2313 src/ASF/sam0/drivers/sercom/i2c/i2c_sam0/i2c_master.o
                              0x81ad2 (size before relaxing)
 .debug_str     0x00084e62      0x264 src/ASF/sam0/drivers/sercom/i2c/i2c_sam0/i2c_master_interrupt.o
                              0x80aaa (size before relaxing)
 .debug_str     0x000850c6      0x576 src/ASF/sam0/drivers/sercom/i2c/i2c_sam0/i2c_slave.o
                              0x81a91 (size before relaxing)
 .debug_str     0x0008563c      0x25e src/ASF/sam0/drivers/sercom/i2c/i2c_sam0/i2c_slave_interrupt.o
                              0x80b90 (size before relaxing)
 .debug_str     0x0008589a      0x4b8 src/ASF/sam0/drivers/sercom/sercom.o
                              0x80b69 (size before relaxing)
 .debug_str     0x00085d52      0x158 src/ASF/sam0/drivers/sercom/sercom_interrupt.o
                              0x809cc (size before relaxing)
 .debug_str     0x00085eaa      0x989 src/ASF/sam0/drivers/sercom/usart/usart.o
                              0x81934 (size before relaxing)
 .debug_str     0x00086833      0x18a src/ASF/sam0/drivers/sercom/usart/usart_interrupt.o
                              0x80b7a (size before relaxing)
 .debug_str     0x000869bd     0x27a7 src/ASF/sam0/drivers/system/clock/clock_samd21_r21_da_ha1/clock.o
                              0x8260e (size before relaxing)
 .debug_str     0x00089164      0x1fa src/ASF/sam0/drivers/system/clock/clock_samd21_r21_da_ha1/gclk.o
                              0x8014b (size before relaxing)
 .debug_str     0x0008935e      0x179 src/ASF/sam0/drivers/system/pinmux/pinmux.o
                              0x7f92a (size before relaxing)
 .debug_str     0x000894d7       0x47 src/ASF/sam0/drivers/system/system.o
                              0x7f565 (size before relaxing)
 .debug_str     0x0008951e      0xf21 src/ASF/sam0/utils/cmsis/samd21/source/gcc/startup_samd21.o
                              0x6b345 (size before relaxing)
 .debug_str     0x0008a43f      0x767 src/ASF/sam0/utils/syscalls/gcc/syscalls.o
                               0x7401 (size before relaxing)
 .debug_str     0x0008aba6      0x58e src/qs_i2c_slave_callback.o
                              0x8645f (size before relaxing)

.debug_frame    0x00000000     0x13b8
 .debug_frame   0x00000000       0x30 src/ASF/common/utils/interrupt/interrupt_sam_nvic.o
 .debug_frame   0x00000030       0x30 src/ASF/sam0/boards/samd21_xplained_pro/board_init.o
 .debug_frame   0x00000060       0x44 src/ASF/sam0/drivers/port/port.o
 .debug_frame   0x000000a4      0x1f0 src/ASF/sam0/drivers/sercom/i2c/i2c_sam0/i2c_master.o
 .debug_frame   0x00000294      0x170 src/ASF/sam0/drivers/sercom/i2c/i2c_sam0/i2c_master_interrupt.o
 .debug_frame   0x00000404      0x120 src/ASF/sam0/drivers/sercom/i2c/i2c_sam0/i2c_slave.o
 .debug_frame   0x00000524       0x9c src/ASF/sam0/drivers/sercom/i2c/i2c_sam0/i2c_slave_interrupt.o
 .debug_frame   0x000005c0       0xbc src/ASF/sam0/drivers/sercom/sercom.o
 .debug_frame   0x0000067c       0xe8 src/ASF/sam0/drivers/sercom/sercom_interrupt.o
 .debug_frame   0x00000764       0xac src/ASF/sam0/drivers/sercom/usart/usart.o
 .debug_frame   0x00000810      0x110 src/ASF/sam0/drivers/sercom/usart/usart_interrupt.o
 .debug_frame   0x00000920      0x14c src/ASF/sam0/drivers/system/clock/clock_samd21_r21_da_ha1/clock.o
 .debug_frame   0x00000a6c      0x148 src/ASF/sam0/drivers/system/clock/clock_samd21_r21_da_ha1/gclk.o
 .debug_frame   0x00000bb4       0x98 src/ASF/sam0/drivers/system/pinmux/pinmux.o
 .debug_frame   0x00000c4c       0x38 src/ASF/sam0/drivers/system/system.o
 .debug_frame   0x00000c84       0x40 src/ASF/sam0/utils/cmsis/samd21/source/gcc/startup_samd21.o
 .debug_frame   0x00000cc4       0xa0 src/ASF/sam0/utils/syscalls/gcc/syscalls.o
 .debug_frame   0x00000d64      0x1a0 src/qs_i2c_slave_callback.o
 .debug_frame   0x00000f04       0x20 c:/program files (x86)/atmel/studio/7.0/toolchain/arm/arm-gnu-toolchain/bin/../lib/gcc/arm-none-eabi/6.3.1/thumb/v6-m\libgcc.a(_udivsi3.o)
 .debug_frame   0x00000f24       0x34 c:/program files (x86)/atmel/studio/7.0/toolchain/arm/arm-gnu-toolchain/bin/../lib/gcc/arm-none-eabi/6.3.1/thumb/v6-m\libgcc.a(_muldi3.o)
 .debug_frame   0x00000f58       0x3c c:/program files (x86)/atmel/studio/7.0/toolchain/arm/arm-gnu-toolchain/bin/../lib/gcc/arm-none-eabi/6.3.1/thumb/v6-m\libgcc.a(adddf3.o)
 .debug_frame   0x00000f94       0x3c c:/program files (x86)/atmel/studio/7.0/toolchain/arm/arm-gnu-toolchain/bin/../lib/gcc/arm-none-eabi/6.3.1/thumb/v6-m\libgcc.a(divdf3.o)
 .debug_frame   0x00000fd0       0x3c c:/program files (x86)/atmel/studio/7.0/toolchain/arm/arm-gnu-toolchain/bin/../lib/gcc/arm-none-eabi/6.3.1/thumb/v6-m\libgcc.a(muldf3.o)
 .debug_frame   0x0000100c       0x38 c:/program files (x86)/atmel/studio/7.0/toolchain/arm/arm-gnu-toolchain/bin/../lib/gcc/arm-none-eabi/6.3.1/thumb/v6-m\libgcc.a(subdf3.o)
 .debug_frame   0x00001044       0x2c c:/program files (x86)/atmel/studio/7.0/toolchain/arm/arm-gnu-toolchain/bin/../lib/gcc/arm-none-eabi/6.3.1/thumb/v6-m\libgcc.a(fixdfsi.o)
 .debug_frame   0x00001070       0x28 c:/program files (x86)/atmel/studio/7.0/toolchain/arm/arm-gnu-toolchain/bin/../lib/gcc/arm-none-eabi/6.3.1/thumb/v6-m\libgcc.a(floatunsidf.o)
 .debug_frame   0x00001098       0x2c c:/program files (x86)/atmel/studio/7.0/toolchain/arm/arm-gnu-toolchain/bin/../lib/gcc/arm-none-eabi/6.3.1/../../../../arm-none-eabi/lib/thumb/v6-m\libc_nano.a(lib_a-init.o)
 .debug_frame   0x000010c4       0x28 c:/program files (x86)/atmel/studio/7.0/toolchain/arm/arm-gnu-toolchain/bin/../lib/gcc/arm-none-eabi/6.3.1/../../../../arm-none-eabi/lib/thumb/v6-m\libc_nano.a(lib_a-memcpy-stub.o)
 .debug_frame   0x000010ec       0x20 c:/program files (x86)/atmel/studio/7.0/toolchain/arm/arm-gnu-toolchain/bin/../lib/gcc/arm-none-eabi/6.3.1/../../../../arm-none-eabi/lib/thumb/v6-m\libc_nano.a(lib_a-memset.o)
 .debug_frame   0x0000110c       0x50 c:/program files (x86)/atmel/studio/7.0/toolchain/arm/arm-gnu-toolchain/bin/../lib/gcc/arm-none-eabi/6.3.1/../../../../arm-none-eabi/lib/thumb/v6-m\libc_nano.a(lib_a-snprintf.o)
 .debug_frame   0x0000115c       0x74 c:/program files (x86)/atmel/studio/7.0/toolchain/arm/arm-gnu-toolchain/bin/../lib/gcc/arm-none-eabi/6.3.1/../../../../arm-none-eabi/lib/thumb/v6-m\libc_nano.a(lib_a-nano-svfprintf.o)
 .debug_frame   0x000011d0       0x54 c:/program files (x86)/atmel/studio/7.0/toolchain/arm/arm-gnu-toolchain/bin/../lib/gcc/arm-none-eabi/6.3.1/../../../../arm-none-eabi/lib/thumb/v6-m\libc_nano.a(lib_a-nano-vfprintf_i.o)
 .debug_frame   0x00001224       0x20 c:/program files (x86)/atmel/studio/7.0/toolchain/arm/arm-gnu-toolchain/bin/../lib/gcc/arm-none-eabi/6.3.1/../../../../arm-none-eabi/lib/thumb/v6-m\libc_nano.a(lib_a-memchr-stub.o)
 .debug_frame   0x00001244       0x28 c:/program files (x86)/atmel/studio/7.0/toolchain/arm/arm-gnu-toolchain/bin/../lib/gcc/arm-none-eabi/6.3.1/../../../../arm-none-eabi/lib/thumb/v6-m\libc_nano.a(lib_a-memmove.o)
 .debug_frame   0x0000126c       0x2c c:/program files (x86)/atmel/studio/7.0/toolchain/arm/arm-gnu-toolchain/bin/../lib/gcc/arm-none-eabi/6.3.1/../../../../arm-none-eabi/lib/thumb/v6-m\libc_nano.a(lib_a-nano-freer.o)
 .debug_frame   0x00001298       0x2c c:/program files (x86)/atmel/studio/7.0/toolchain/arm/arm-gnu-toolchain/bin/../lib/gcc/arm-none-eabi/6.3.1/../../../../arm-none-eabi/lib/thumb/v6-m\libc_nano.a(lib_a-nano-mallocr.o)
 .debug_frame   0x000012c4       0x30 c:/program files (x86)/atmel/studio/7.0/toolchain/arm/arm-gnu-toolchain/bin/../lib/gcc/arm-none-eabi/6.3.1/../../../../arm-none-eabi/lib/thumb/v6-m\libc_nano.a(lib_a-nano-reallocr.o)
 .debug_frame   0x000012f4       0x2c c:/program files (x86)/atmel/studio/7.0/toolchain/arm/arm-gnu-toolchain/bin/../lib/gcc/arm-none-eabi/6.3.1/../../../../arm-none-eabi/lib/thumb/v6-m\libc_nano.a(lib_a-sbrkr.o)
 .debug_frame   0x00001320       0x30 c:/program files (x86)/atmel/studio/7.0/toolchain/arm/arm-gnu-toolchain/bin/../lib/gcc/arm-none-eabi/6.3.1/../../../../arm-none-eabi/lib/thumb/v6-m\libc_nano.a(lib_a-mlock.o)
 .debug_frame   0x00001350       0x20 c:/program files (x86)/atmel/studio/7.0/toolchain/arm/arm-gnu-toolchain/bin/../lib/gcc/arm-none-eabi/6.3.1/../../../../arm-none-eabi/lib/thumb/v6-m\libc_nano.a(lib_a-nano-msizer.o)
 .debug_frame   0x00001370       0x48 c:/program files (x86)/atmel/studio/7.0/toolchain/arm/arm-gnu-toolchain/bin/../lib/gcc/arm-none-eabi/6.3.1/../../../../arm-none-eabi/lib/thumb/v6-m\libc_nano.a(lib_a-reent.o)

.debug_loc      0x00000000     0x687e
 .debug_loc     0x00000000       0x8b src/ASF/sam0/boards/samd21_xplained_pro/board_init.o
 .debug_loc     0x0000008b      0x13d src/ASF/sam0/drivers/port/port.o
 .debug_loc     0x000001c8      0xff8 src/ASF/sam0/drivers/sercom/i2c/i2c_sam0/i2c_master.o
 .debug_loc     0x000011c0      0x7ec src/ASF/sam0/drivers/sercom/i2c/i2c_sam0/i2c_master_interrupt.o
 .debug_loc     0x000019ac      0x981 src/ASF/sam0/drivers/sercom/i2c/i2c_sam0/i2c_slave.o
 .debug_loc     0x0000232d      0x3e0 src/ASF/sam0/drivers/sercom/i2c/i2c_sam0/i2c_slave_interrupt.o
 .debug_loc     0x0000270d      0x9d5 src/ASF/sam0/drivers/sercom/sercom.o
 .debug_loc     0x000030e2      0x161 src/ASF/sam0/drivers/sercom/sercom_interrupt.o
 .debug_loc     0x00003243      0xe2f src/ASF/sam0/drivers/sercom/usart/usart.o
 .debug_loc     0x00004072      0x711 src/ASF/sam0/drivers/sercom/usart/usart_interrupt.o
 .debug_loc     0x00004783      0xef0 src/ASF/sam0/drivers/system/clock/clock_samd21_r21_da_ha1/clock.o
 .debug_loc     0x00005673      0x504 src/ASF/sam0/drivers/system/clock/clock_samd21_r21_da_ha1/gclk.o
 .debug_loc     0x00005b77      0x36d src/ASF/sam0/drivers/system/pinmux/pinmux.o
 .debug_loc     0x00005ee4       0x20 src/ASF/sam0/drivers/system/system.o
 .debug_loc     0x00005f04       0x40 src/ASF/sam0/utils/cmsis/samd21/source/gcc/startup_samd21.o
 .debug_loc     0x00005f44       0xef src/ASF/sam0/utils/syscalls/gcc/syscalls.o
 .debug_loc     0x00006033      0x84b src/qs_i2c_slave_callback.o

Cross Reference Table

Symbol                                            File
AC_Handler                                        src/ASF/sam0/utils/cmsis/samd21/source/gcc/startup_samd21.o
ADC_Handler                                       src/ASF/sam0/utils/cmsis/samd21/source/gcc/startup_samd21.o
DAC_Handler                                       src/ASF/sam0/utils/cmsis/samd21/source/gcc/startup_samd21.o
DMAC_Handler                                      src/ASF/sam0/utils/cmsis/samd21/source/gcc/startup_samd21.o
Dummy_Handler                                     src/ASF/sam0/utils/cmsis/samd21/source/gcc/startup_samd21.o
EIC_Handler                                       src/ASF/sam0/utils/cmsis/samd21/source/gcc/startup_samd21.o
EVSYS_Handler                                     src/ASF/sam0/utils/cmsis/samd21/source/gcc/startup_samd21.o
HardFault_Handler                                 src/ASF/sam0/utils/cmsis/samd21/source/gcc/startup_samd21.o
I2S_Handler                                       src/ASF/sam0/utils/cmsis/samd21/source/gcc/startup_samd21.o
NMI_Handler                                       src/ASF/sam0/utils/cmsis/samd21/source/gcc/startup_samd21.o
NVMCTRL_Handler                                   src/ASF/sam0/utils/cmsis/samd21/source/gcc/startup_samd21.o
PM_Handler                                        src/ASF/sam0/utils/cmsis/samd21/source/gcc/startup_samd21.o
PTC_Handler                                       src/ASF/sam0/utils/cmsis/samd21/source/gcc/startup_samd21.o
PendSV_Handler                                    src/ASF/sam0/utils/cmsis/samd21/source/gcc/startup_samd21.o
RTC_Handler                                       src/ASF/sam0/utils/cmsis/samd21/source/gcc/startup_samd21.o
Reset_Handler                                     src/ASF/sam0/utils/cmsis/samd21/source/gcc/startup_samd21.o
SERCOM0_Handler                                   src/ASF/sam0/drivers/sercom/sercom_interrupt.o
SERCOM1_Handler                                   src/ASF/sam0/drivers/sercom/sercom_interrupt.o
SERCOM2_Handler                                   src/ASF/sam0/drivers/sercom/sercom_interrupt.o
SERCOM3_Handler                                   src/ASF/sam0/drivers/sercom/sercom_interrupt.o
SERCOM4_Handler                                   src/ASF/sam0/drivers/sercom/sercom_interrupt.o
SERCOM5_Handler                                   src/ASF/sam0/drivers/sercom/sercom_interrupt.o
SVC_Handler                                       src/ASF/sam0/utils/cmsis/samd21/source/gcc/startup_samd21.o
SYSCTRL_Handler                                   src/ASF/sam0/utils/cmsis/samd21/source/gcc/startup_samd21.o
SysTick_Handler                                   src/ASF/sam0/utils/cmsis/samd21/source/gcc/startup_samd21.o
SystemCoreClock                                   src/ASF/sam0/utils/cmsis/samd21/source/system_samd21.o
SystemCoreClockUpdate                             src/ASF/sam0/utils/cmsis/samd21/source/system_samd21.o
SystemInit                                        src/ASF/sam0/utils/cmsis/samd21/source/system_samd21.o
TC3_Handler                                       src/ASF/sam0/utils/cmsis/samd21/source/gcc/startup_samd21.o
TC4_Handler                                       src/ASF/sam0/utils/cmsis/samd21/source/gcc/startup_samd21.o
TC5_Handler                                       src/ASF/sam0/utils/cmsis/samd21/source/gcc/startup_samd21.o
TCC0_Handler                                      src/ASF/sam0/utils/cmsis/samd21/source/gcc/startup_samd21.o
TCC1_Handler                                      src/ASF/sam0/utils/cmsis/samd21/source/gcc/startup_samd21.o
TCC2_Handler                                      src/ASF/sam0/utils/cmsis/samd21/source/gcc/startup_samd21.o
USB_Handler                                       src/ASF/sam0/utils/cmsis/samd21/source/gcc/startup_samd21.o
WDT_Handler                                       src/ASF/sam0/utils/cmsis/samd21/source/gcc/startup_samd21.o
_Jv_RegisterClasses                               c:/program files (x86)/atmel/studio/7.0/toolchain/arm/arm-gnu-toolchain/bin/../lib/gcc/arm-none-eabi/6.3.1/thumb/v6-m/crtbegin.o
__aeabi_d2iz                                      c:/program files (x86)/atmel/studio/7.0/toolchain/arm/arm-gnu-toolchain/bin/../lib/gcc/arm-none-eabi/6.3.1/thumb/v6-m\libgcc.a(fixdfsi.o)
                                                  src/ASF/sam0/drivers/sercom/i2c/i2c_sam0/i2c_master.o
__aeabi_dadd                                      c:/program files (x86)/atmel/studio/7.0/toolchain/arm/arm-gnu-toolchain/bin/../lib/gcc/arm-none-eabi/6.3.1/thumb/v6-m\libgcc.a(adddf3.o)
                                                  src/ASF/sam0/drivers/sercom/i2c/i2c_sam0/i2c_master.o
__aeabi_ddiv                                      c:/program files (x86)/atmel/studio/7.0/toolchain/arm/arm-gnu-toolchain/bin/../lib/gcc/arm-none-eabi/6.3.1/thumb/v6-m\libgcc.a(divdf3.o)
                                                  src/ASF/sam0/drivers/sercom/i2c/i2c_sam0/i2c_master.o
__aeabi_dmul                                      c:/program files (x86)/atmel/studio/7.0/toolchain/arm/arm-gnu-toolchain/bin/../lib/gcc/arm-none-eabi/6.3.1/thumb/v6-m\libgcc.a(muldf3.o)
                                                  src/ASF/sam0/drivers/sercom/i2c/i2c_sam0/i2c_master.o
__aeabi_dsub                                      c:/program files (x86)/atmel/studio/7.0/toolchain/arm/arm-gnu-toolchain/bin/../lib/gcc/arm-none-eabi/6.3.1/thumb/v6-m\libgcc.a(subdf3.o)
                                                  src/ASF/sam0/drivers/sercom/i2c/i2c_sam0/i2c_master.o
__aeabi_idiv0                                     c:/program files (x86)/atmel/studio/7.0/toolchain/arm/arm-gnu-toolchain/bin/../lib/gcc/arm-none-eabi/6.3.1/thumb/v6-m\libgcc.a(_dvmd_tls.o)
                                                  c:/program files (x86)/atmel/studio/7.0/toolchain/arm/arm-gnu-toolchain/bin/../lib/gcc/arm-none-eabi/6.3.1/thumb/v6-m\libgcc.a(_udivsi3.o)
__aeabi_ldiv0                                     c:/program files (x86)/atmel/studio/7.0/toolchain/arm/arm-gnu-toolchain/bin/../lib/gcc/arm-none-eabi/6.3.1/thumb/v6-m\libgcc.a(_dvmd_tls.o)
__aeabi_lmul                                      c:/program files (x86)/atmel/studio/7.0/toolchain/arm/arm-gnu-toolchain/bin/../lib/gcc/arm-none-eabi/6.3.1/thumb/v6-m\libgcc.a(_muldi3.o)
                                                  src/ASF/sam0/drivers/sercom/sercom.o
__aeabi_ui2d                                      c:/program files (x86)/atmel/studio/7.0/toolchain/arm/arm-gnu-toolchain/bin/../lib/gcc/arm-none-eabi/6.3.1/thumb/v6-m\libgcc.a(floatunsidf.o)
                                                  src/ASF/sam0/drivers/sercom/i2c/i2c_sam0/i2c_master.o
__aeabi_uidiv                                     c:/program files (x86)/atmel/studio/7.0/toolchain/arm/arm-gnu-toolchain/bin/../lib/gcc/arm-none-eabi/6.3.1/thumb/v6-m\libgcc.a(_udivsi3.o)
                                                  c:/program files (x86)/atmel/studio/7.0/toolchain/arm/arm-gnu-toolchain/bin/../lib/gcc/arm-none-eabi/6.3.1/../../../../arm-none-eabi/lib/thumb/v6-m\libc_nano.a(lib_a-nano-vfprintf_i.o)
                                                  c:/program files (x86)/atmel/studio/7.0/toolchain/arm/arm-gnu-toolchain/bin/../lib/gcc/arm-none-eabi/6.3.1/thumb/v6-m\libgcc.a(divdf3.o)
                                                  src/ASF/sam0/drivers/system/clock/clock_samd21_r21_da_ha1/gclk.o
                                                  src/ASF/sam0/drivers/system/clock/clock_samd21_r21_da_ha1/clock.o
                                                  src/ASF/sam0/drivers/sercom/i2c/i2c_sam0/i2c_master.o
__aeabi_uidivmod                                  c:/program files (x86)/atmel/studio/7.0/toolchain/arm/arm-gnu-toolchain/bin/../lib/gcc/arm-none-eabi/6.3.1/thumb/v6-m\libgcc.a(_udivsi3.o)
                                                  c:/program files (x86)/atmel/studio/7.0/toolchain/arm/arm-gnu-toolchain/bin/../lib/gcc/arm-none-eabi/6.3.1/../../../../arm-none-eabi/lib/thumb/v6-m\libc_nano.a(lib_a-nano-vfprintf_i.o)
                                                  c:/program files (x86)/atmel/studio/7.0/toolchain/arm/arm-gnu-toolchain/bin/../lib/gcc/arm-none-eabi/6.3.1/thumb/v6-m\libgcc.a(divdf3.o)
__bss_end__                                       c:/program files (x86)/atmel/studio/7.0/toolchain/arm/arm-gnu-toolchain/bin/../lib/gcc/arm-none-eabi/6.3.1/../../../../arm-none-eabi/lib/thumb/v6-m/crt0.o
__bss_start__                                     c:/program files (x86)/atmel/studio/7.0/toolchain/arm/arm-gnu-toolchain/bin/../lib/gcc/arm-none-eabi/6.3.1/../../../../arm-none-eabi/lib/thumb/v6-m/crt0.o
__call_exitprocs                                  c:/program files (x86)/atmel/studio/7.0/toolchain/arm/arm-gnu-toolchain/bin/../lib/gcc/arm-none-eabi/6.3.1/../../../../arm-none-eabi/lib/thumb/v6-m\libc_nano.a(lib_a-exit.o)
__clzsi2                                          c:/program files (x86)/atmel/studio/7.0/toolchain/arm/arm-gnu-toolchain/bin/../lib/gcc/arm-none-eabi/6.3.1/thumb/v6-m\libgcc.a(_clzsi2.o)
                                                  c:/program files (x86)/atmel/studio/7.0/toolchain/arm/arm-gnu-toolchain/bin/../lib/gcc/arm-none-eabi/6.3.1/thumb/v6-m\libgcc.a(floatunsidf.o)
                                                  c:/program files (x86)/atmel/studio/7.0/toolchain/arm/arm-gnu-toolchain/bin/../lib/gcc/arm-none-eabi/6.3.1/thumb/v6-m\libgcc.a(subdf3.o)
                                                  c:/program files (x86)/atmel/studio/7.0/toolchain/arm/arm-gnu-toolchain/bin/../lib/gcc/arm-none-eabi/6.3.1/thumb/v6-m\libgcc.a(muldf3.o)
                                                  c:/program files (x86)/atmel/studio/7.0/toolchain/arm/arm-gnu-toolchain/bin/../lib/gcc/arm-none-eabi/6.3.1/thumb/v6-m\libgcc.a(divdf3.o)
                                                  c:/program files (x86)/atmel/studio/7.0/toolchain/arm/arm-gnu-toolchain/bin/../lib/gcc/arm-none-eabi/6.3.1/thumb/v6-m\libgcc.a(adddf3.o)
__deregister_frame_info                           c:/program files (x86)/atmel/studio/7.0/toolchain/arm/arm-gnu-toolchain/bin/../lib/gcc/arm-none-eabi/6.3.1/thumb/v6-m/crtbegin.o
__dso_handle                                      c:/program files (x86)/atmel/studio/7.0/toolchain/arm/arm-gnu-toolchain/bin/../lib/gcc/arm-none-eabi/6.3.1/thumb/v6-m/crtbegin.o
__init_array_end                                  c:/program files (x86)/atmel/studio/7.0/toolchain/arm/arm-gnu-toolchain/bin/../lib/gcc/arm-none-eabi/6.3.1/../../../../arm-none-eabi/lib/thumb/v6-m\libc_nano.a(lib_a-init.o)
__init_array_start                                c:/program files (x86)/atmel/studio/7.0/toolchain/arm/arm-gnu-toolchain/bin/../lib/gcc/arm-none-eabi/6.3.1/../../../../arm-none-eabi/lib/thumb/v6-m\libc_nano.a(lib_a-init.o)
__libc_fini_array                                 c:/program files (x86)/atmel/studio/7.0/toolchain/arm/arm-gnu-toolchain/bin/../lib/gcc/arm-none-eabi/6.3.1/../../../../arm-none-eabi/lib/thumb/v6-m/crt0.o
__libc_init_array                                 c:/program files (x86)/atmel/studio/7.0/toolchain/arm/arm-gnu-toolchain/bin/../lib/gcc/arm-none-eabi/6.3.1/../../../../arm-none-eabi/lib/thumb/v6-m\libc_nano.a(lib_a-init.o)
                                                  src/ASF/sam0/utils/cmsis/samd21/source/gcc/startup_samd21.o
                                                  c:/program files (x86)/atmel/studio/7.0/toolchain/arm/arm-gnu-toolchain/bin/../lib/gcc/arm-none-eabi/6.3.1/../../../../arm-none-eabi/lib/thumb/v6-m/crt0.o
__malloc_free_list                                c:/program files (x86)/atmel/studio/7.0/toolchain/arm/arm-gnu-toolchain/bin/../lib/gcc/arm-none-eabi/6.3.1/../../../../arm-none-eabi/lib/thumb/v6-m\libc_nano.a(lib_a-nano-mallocr.o)
                                                  c:/program files (x86)/atmel/studio/7.0/toolchain/arm/arm-gnu-toolchain/bin/../lib/gcc/arm-none-eabi/6.3.1/../../../../arm-none-eabi/lib/thumb/v6-m\libc_nano.a(lib_a-nano-freer.o)
__malloc_lock                                     c:/program files (x86)/atmel/studio/7.0/toolchain/arm/arm-gnu-toolchain/bin/../lib/gcc/arm-none-eabi/6.3.1/../../../../arm-none-eabi/lib/thumb/v6-m\libc_nano.a(lib_a-mlock.o)
                                                  c:/program files (x86)/atmel/studio/7.0/toolchain/arm/arm-gnu-toolchain/bin/../lib/gcc/arm-none-eabi/6.3.1/../../../../arm-none-eabi/lib/thumb/v6-m\libc_nano.a(lib_a-nano-mallocr.o)
                                                  c:/program files (x86)/atmel/studio/7.0/toolchain/arm/arm-gnu-toolchain/bin/../lib/gcc/arm-none-eabi/6.3.1/../../../../arm-none-eabi/lib/thumb/v6-m\libc_nano.a(lib_a-nano-freer.o)
__malloc_sbrk_start                               c:/program files (x86)/atmel/studio/7.0/toolchain/arm/arm-gnu-toolchain/bin/../lib/gcc/arm-none-eabi/6.3.1/../../../../arm-none-eabi/lib/thumb/v6-m\libc_nano.a(lib_a-nano-mallocr.o)
__malloc_unlock                                   c:/program files (x86)/atmel/studio/7.0/toolchain/arm/arm-gnu-toolchain/bin/../lib/gcc/arm-none-eabi/6.3.1/../../../../arm-none-eabi/lib/thumb/v6-m\libc_nano.a(lib_a-mlock.o)
                                                  c:/program files (x86)/atmel/studio/7.0/toolchain/arm/arm-gnu-toolchain/bin/../lib/gcc/arm-none-eabi/6.3.1/../../../../arm-none-eabi/lib/thumb/v6-m\libc_nano.a(lib_a-nano-mallocr.o)
                                                  c:/program files (x86)/atmel/studio/7.0/toolchain/arm/arm-gnu-toolchain/bin/../lib/gcc/arm-none-eabi/6.3.1/../../../../arm-none-eabi/lib/thumb/v6-m\libc_nano.a(lib_a-nano-freer.o)
__muldi3                                          c:/program files (x86)/atmel/studio/7.0/toolchain/arm/arm-gnu-toolchain/bin/../lib/gcc/arm-none-eabi/6.3.1/thumb/v6-m\libgcc.a(_muldi3.o)
__preinit_array_end                               c:/program files (x86)/atmel/studio/7.0/toolchain/arm/arm-gnu-toolchain/bin/../lib/gcc/arm-none-eabi/6.3.1/../../../../arm-none-eabi/lib/thumb/v6-m\libc_nano.a(lib_a-init.o)
__preinit_array_start                             c:/program files (x86)/atmel/studio/7.0/toolchain/arm/arm-gnu-toolchain/bin/../lib/gcc/arm-none-eabi/6.3.1/../../../../arm-none-eabi/lib/thumb/v6-m\libc_nano.a(lib_a-init.o)